[    0.000000] microcode: microcode updated early to revision 0x28, date = 2019-11-12
[    0.000000] Linux version 4.15.0-107-generic (buildd@lcy01-amd64-010) (gcc version 5.4.0 20160609 (Ubuntu 5.4.0-6ubuntu1~16.04.12)) #108~16.04.1-Ubuntu SMP Fri Jun 12 02:57:13 UTC 2020 (Ubuntu 4.15.0-107.108~16.04.1-generic 4.15.18)
[    0.000000] Command line: BOOT_IMAGE=/boot/vmlinuz-4.15.0-107-generic root=UUID=9f6bc6fd-0ffe-4032-8ae1-1ab02ab5d300 ro quiet splash vt.handoff=7
[    0.000000] KERNEL supported cpus:
[    0.000000]   Intel GenuineIntel
[    0.000000]   AMD AuthenticAMD
[    0.000000]   Centaur CentaurHauls
[    0.000000] x86/fpu: Supporting XSAVE feature 0x001: 'x87 floating point registers'
[    0.000000] x86/fpu: Supporting XSAVE feature 0x002: 'SSE registers'
[    0.000000] x86/fpu: Supporting XSAVE feature 0x004: 'AVX registers'
[    0.000000] x86/fpu: xstate_offset[2]:  576, xstate_sizes[2]:  256
[    0.000000] x86/fpu: Enabled xstate features 0x7, context size is 832 bytes, using 'standard' format.
[    0.000000] e820: BIOS-provided physical RAM map:
[    0.000000] BIOS-e820: [mem 0x0000000000000000-0x000000000004efff] usable
[    0.000000] BIOS-e820: [mem 0x000000000004f000-0x000000000004ffff] reserved
[    0.000000] BIOS-e820: [mem 0x0000000000050000-0x000000000009dfff] usable
[    0.000000] BIOS-e820: [mem 0x000000000009e000-0x000000000009ffff] reserved
[    0.000000] BIOS-e820: [mem 0x0000000000100000-0x00000000c86ecfff] usable
[    0.000000] BIOS-e820: [mem 0x00000000c86ed000-0x00000000c86f3fff] ACPI NVS
[    0.000000] BIOS-e820: [mem 0x00000000c86f4000-0x00000000c8b37fff] usable
[    0.000000] BIOS-e820: [mem 0x00000000c8b38000-0x00000000c8ee9fff] reserved
[    0.000000] BIOS-e820: [mem 0x00000000c8eea000-0x00000000db705fff] usable
[    0.000000] BIOS-e820: [mem 0x00000000db706000-0x00000000db8fbfff] reserved
[    0.000000] BIOS-e820: [mem 0x00000000db8fc000-0x00000000db91bfff] ACPI data
[    0.000000] BIOS-e820: [mem 0x00000000db91c000-0x00000000dba0cfff] ACPI NVS
[    0.000000] BIOS-e820: [mem 0x00000000dba0d000-0x00000000dbf7ffff] reserved
[    0.000000] BIOS-e820: [mem 0x00000000dbf80000-0x00000000dbffefff] type 20
[    0.000000] BIOS-e820: [mem 0x00000000dbfff000-0x00000000dbffffff] usable
[    0.000000] BIOS-e820: [mem 0x00000000dd000000-0x00000000df1fffff] reserved
[    0.000000] BIOS-e820: [mem 0x00000000f8000000-0x00000000fbffffff] reserved
[    0.000000] BIOS-e820: [mem 0x00000000fec00000-0x00000000fec00fff] reserved
[    0.000000] BIOS-e820: [mem 0x00000000fed00000-0x00000000fed03fff] reserved
[    0.000000] BIOS-e820: [mem 0x00000000fed1c000-0x00000000fed1ffff] reserved
[    0.000000] BIOS-e820: [mem 0x00000000fee00000-0x00000000fee00fff] reserved
[    0.000000] BIOS-e820: [mem 0x00000000ff000000-0x00000000ffffffff] reserved
[    0.000000] BIOS-e820: [mem 0x0000000100000000-0x000000081edfffff] usable
[    0.000000] NX (Execute Disable) protection: active
[    0.000000] efi: EFI v2.31 by American Megatrends
[    0.000000] efi:  ACPI=0xdb902000  ACPI 2.0=0xdb902000  SMBIOS=0xdbf7e498  MPS=0xf4e60 
[    0.000000] secureboot: Secure boot could not be determined (mode 0)
[    0.000000] SMBIOS 2.7 present.
[    0.000000] DMI: Hewlett-Packard HP EliteDesk 800 G1 TWR/18E4, BIOS L01 v02.53 10/20/2014
[    0.000000] e820: update [mem 0x00000000-0x00000fff] usable ==> reserved
[    0.000000] e820: remove [mem 0x000a0000-0x000fffff] usable
[    0.000000] e820: last_pfn = 0x81ee00 max_arch_pfn = 0x400000000
[    0.000000] MTRR default type: uncachable
[    0.000000] MTRR fixed ranges enabled:
[    0.000000]   00000-9FFFF write-back
[    0.000000]   A0000-BFFFF uncachable
[    0.000000]   C0000-CFFFF write-protect
[    0.000000]   D0000-DFFFF uncachable
[    0.000000]   E0000-FFFFF write-protect
[    0.000000] MTRR variable ranges enabled:
[    0.000000]   0 base 0000000000 mask 7800000000 write-back
[    0.000000]   1 base 0800000000 mask 7FE0000000 write-back
[    0.000000]   2 base 00E0000000 mask 7FE0000000 uncachable
[    0.000000]   3 base 00DE000000 mask 7FFE000000 uncachable
[    0.000000]   4 base 00DD000000 mask 7FFF000000 uncachable
[    0.000000]   5 base 081F000000 mask 7FFF000000 uncachable
[    0.000000]   6 base 081EE00000 mask 7FFFE00000 uncachable
[    0.000000]   7 disabled
[    0.000000]   8 disabled
[    0.000000]   9 disabled
[    0.000000] x86/PAT: Configuration [0-7]: WB  WC  UC- UC  WB  WP  UC- WT  
[    0.000000] total RAM covered: 32702M
[    0.000000]  gran_size: 64K 	chunk_size: 64K 	num_reg: 10  	lose cover RAM: 238M
[    0.000000]  gran_size: 64K 	chunk_size: 128K 	num_reg: 10  	lose cover RAM: 238M
[    0.000000]  gran_size: 64K 	chunk_size: 256K 	num_reg: 10  	lose cover RAM: 238M
[    0.000000]  gran_size: 64K 	chunk_size: 512K 	num_reg: 10  	lose cover RAM: 238M
[    0.000000]  gran_size: 64K 	chunk_size: 1M 	num_reg: 10  	lose cover RAM: 238M
[    0.000000]  gran_size: 64K 	chunk_size: 2M 	num_reg: 10  	lose cover RAM: 238M
[    0.000000]  gran_size: 64K 	chunk_size: 4M 	num_reg: 10  	lose cover RAM: 238M
[    0.000000]  gran_size: 64K 	chunk_size: 8M 	num_reg: 10  	lose cover RAM: 238M
[    0.000000]  gran_size: 64K 	chunk_size: 16M 	num_reg: 10  	lose cover RAM: 238M
[    0.000000]  gran_size: 64K 	chunk_size: 32M 	num_reg: 10  	lose cover RAM: 494M
[    0.000000] *BAD*gran_size: 64K 	chunk_size: 64M 	num_reg: 10  	lose cover RAM: -16M
[    0.000000] *BAD*gran_size: 64K 	chunk_size: 128M 	num_reg: 10  	lose cover RAM: -16M
[    0.000000] *BAD*gran_size: 64K 	chunk_size: 256M 	num_reg: 10  	lose cover RAM: -16M
[    0.000000] *BAD*gran_size: 64K 	chunk_size: 512M 	num_reg: 10  	lose cover RAM: -16M
[    0.000000] *BAD*gran_size: 64K 	chunk_size: 1G 	num_reg: 10  	lose cover RAM: -512M
[    0.000000] *BAD*gran_size: 64K 	chunk_size: 2G 	num_reg: 10  	lose cover RAM: -1536M
[    0.000000]  gran_size: 128K 	chunk_size: 128K 	num_reg: 10  	lose cover RAM: 238M
[    0.000000]  gran_size: 128K 	chunk_size: 256K 	num_reg: 10  	lose cover RAM: 238M
[    0.000000]  gran_size: 128K 	chunk_size: 512K 	num_reg: 10  	lose cover RAM: 238M
[    0.000000]  gran_size: 128K 	chunk_size: 1M 	num_reg: 10  	lose cover RAM: 238M
[    0.000000]  gran_size: 128K 	chunk_size: 2M 	num_reg: 10  	lose cover RAM: 238M
[    0.000000]  gran_size: 128K 	chunk_size: 4M 	num_reg: 10  	lose cover RAM: 238M
[    0.000000]  gran_size: 128K 	chunk_size: 8M 	num_reg: 10  	lose cover RAM: 238M
[    0.000000]  gran_size: 128K 	chunk_size: 16M 	num_reg: 10  	lose cover RAM: 238M
[    0.000000]  gran_size: 128K 	chunk_size: 32M 	num_reg: 10  	lose cover RAM: 494M
[    0.000000] *BAD*gran_size: 128K 	chunk_size: 64M 	num_reg: 10  	lose cover RAM: -16M
[    0.000000] *BAD*gran_size: 128K 	chunk_size: 128M 	num_reg: 10  	lose cover RAM: -16M
[    0.000000] *BAD*gran_size: 128K 	chunk_size: 256M 	num_reg: 10  	lose cover RAM: -16M
[    0.000000] *BAD*gran_size: 128K 	chunk_size: 512M 	num_reg: 10  	lose cover RAM: -16M
[    0.000000] *BAD*gran_size: 128K 	chunk_size: 1G 	num_reg: 10  	lose cover RAM: -512M
[    0.000000] *BAD*gran_size: 128K 	chunk_size: 2G 	num_reg: 10  	lose cover RAM: -1536M
[    0.000000]  gran_size: 256K 	chunk_size: 256K 	num_reg: 10  	lose cover RAM: 238M
[    0.000000]  gran_size: 256K 	chunk_size: 512K 	num_reg: 10  	lose cover RAM: 238M
[    0.000000]  gran_size: 256K 	chunk_size: 1M 	num_reg: 10  	lose cover RAM: 238M
[    0.000000]  gran_size: 256K 	chunk_size: 2M 	num_reg: 10  	lose cover RAM: 238M
[    0.000000]  gran_size: 256K 	chunk_size: 4M 	num_reg: 10  	lose cover RAM: 238M
[    0.000000]  gran_size: 256K 	chunk_size: 8M 	num_reg: 10  	lose cover RAM: 238M
[    0.000000]  gran_size: 256K 	chunk_size: 16M 	num_reg: 10  	lose cover RAM: 238M
[    0.000000]  gran_size: 256K 	chunk_size: 32M 	num_reg: 10  	lose cover RAM: 494M
[    0.000000] *BAD*gran_size: 256K 	chunk_size: 64M 	num_reg: 10  	lose cover RAM: -16M
[    0.000000] *BAD*gran_size: 256K 	chunk_size: 128M 	num_reg: 10  	lose cover RAM: -16M
[    0.000000] *BAD*gran_size: 256K 	chunk_size: 256M 	num_reg: 10  	lose cover RAM: -16M
[    0.000000] *BAD*gran_size: 256K 	chunk_size: 512M 	num_reg: 10  	lose cover RAM: -16M
[    0.000000] *BAD*gran_size: 256K 	chunk_size: 1G 	num_reg: 10  	lose cover RAM: -512M
[    0.000000] *BAD*gran_size: 256K 	chunk_size: 2G 	num_reg: 10  	lose cover RAM: -1536M
[    0.000000]  gran_size: 512K 	chunk_size: 512K 	num_reg: 10  	lose cover RAM: 238M
[    0.000000]  gran_size: 512K 	chunk_size: 1M 	num_reg: 10  	lose cover RAM: 238M
[    0.000000]  gran_size: 512K 	chunk_size: 2M 	num_reg: 10  	lose cover RAM: 238M
[    0.000000]  gran_size: 512K 	chunk_size: 4M 	num_reg: 10  	lose cover RAM: 238M
[    0.000000]  gran_size: 512K 	chunk_size: 8M 	num_reg: 10  	lose cover RAM: 238M
[    0.000000]  gran_size: 512K 	chunk_size: 16M 	num_reg: 10  	lose cover RAM: 238M
[    0.000000]  gran_size: 512K 	chunk_size: 32M 	num_reg: 10  	lose cover RAM: 494M
[    0.000000] *BAD*gran_size: 512K 	chunk_size: 64M 	num_reg: 10  	lose cover RAM: -16M
[    0.000000] *BAD*gran_size: 512K 	chunk_size: 128M 	num_reg: 10  	lose cover RAM: -16M
[    0.000000] *BAD*gran_size: 512K 	chunk_size: 256M 	num_reg: 10  	lose cover RAM: -16M
[    0.000000] *BAD*gran_size: 512K 	chunk_size: 512M 	num_reg: 10  	lose cover RAM: -16M
[    0.000000] *BAD*gran_size: 512K 	chunk_size: 1G 	num_reg: 10  	lose cover RAM: -512M
[    0.000000] *BAD*gran_size: 512K 	chunk_size: 2G 	num_reg: 10  	lose cover RAM: -1536M
[    0.000000]  gran_size: 1M 	chunk_size: 1M 	num_reg: 10  	lose cover RAM: 238M
[    0.000000]  gran_size: 1M 	chunk_size: 2M 	num_reg: 10  	lose cover RAM: 238M
[    0.000000]  gran_size: 1M 	chunk_size: 4M 	num_reg: 10  	lose cover RAM: 238M
[    0.000000]  gran_size: 1M 	chunk_size: 8M 	num_reg: 10  	lose cover RAM: 238M
[    0.000000]  gran_size: 1M 	chunk_size: 16M 	num_reg: 10  	lose cover RAM: 238M
[    0.000000]  gran_size: 1M 	chunk_size: 32M 	num_reg: 10  	lose cover RAM: 494M
[    0.000000] *BAD*gran_size: 1M 	chunk_size: 64M 	num_reg: 10  	lose cover RAM: -16M
[    0.000000] *BAD*gran_size: 1M 	chunk_size: 128M 	num_reg: 10  	lose cover RAM: -16M
[    0.000000] *BAD*gran_size: 1M 	chunk_size: 256M 	num_reg: 10  	lose cover RAM: -16M
[    0.000000] *BAD*gran_size: 1M 	chunk_size: 512M 	num_reg: 10  	lose cover RAM: -16M
[    0.000000] *BAD*gran_size: 1M 	chunk_size: 1G 	num_reg: 10  	lose cover RAM: -512M
[    0.000000] *BAD*gran_size: 1M 	chunk_size: 2G 	num_reg: 10  	lose cover RAM: -1536M
[    0.000000]  gran_size: 2M 	chunk_size: 2M 	num_reg: 10  	lose cover RAM: 238M
[    0.000000]  gran_size: 2M 	chunk_size: 4M 	num_reg: 10  	lose cover RAM: 238M
[    0.000000]  gran_size: 2M 	chunk_size: 8M 	num_reg: 10  	lose cover RAM: 238M
[    0.000000]  gran_size: 2M 	chunk_size: 16M 	num_reg: 10  	lose cover RAM: 238M
[    0.000000]  gran_size: 2M 	chunk_size: 32M 	num_reg: 10  	lose cover RAM: 494M
[    0.000000] *BAD*gran_size: 2M 	chunk_size: 64M 	num_reg: 10  	lose cover RAM: -16M
[    0.000000] *BAD*gran_size: 2M 	chunk_size: 128M 	num_reg: 10  	lose cover RAM: -16M
[    0.000000] *BAD*gran_size: 2M 	chunk_size: 256M 	num_reg: 10  	lose cover RAM: -16M
[    0.000000] *BAD*gran_size: 2M 	chunk_size: 512M 	num_reg: 10  	lose cover RAM: -16M
[    0.000000] *BAD*gran_size: 2M 	chunk_size: 1G 	num_reg: 10  	lose cover RAM: -512M
[    0.000000] *BAD*gran_size: 2M 	chunk_size: 2G 	num_reg: 10  	lose cover RAM: -1536M
[    0.000000]  gran_size: 4M 	chunk_size: 4M 	num_reg: 10  	lose cover RAM: 238M
[    0.000000]  gran_size: 4M 	chunk_size: 8M 	num_reg: 10  	lose cover RAM: 238M
[    0.000000]  gran_size: 4M 	chunk_size: 16M 	num_reg: 10  	lose cover RAM: 238M
[    0.000000]  gran_size: 4M 	chunk_size: 32M 	num_reg: 10  	lose cover RAM: 494M
[    0.000000] *BAD*gran_size: 4M 	chunk_size: 64M 	num_reg: 10  	lose cover RAM: -14M
[    0.000000] *BAD*gran_size: 4M 	chunk_size: 128M 	num_reg: 10  	lose cover RAM: -14M
[    0.000000] *BAD*gran_size: 4M 	chunk_size: 256M 	num_reg: 10  	lose cover RAM: -14M
[    0.000000] *BAD*gran_size: 4M 	chunk_size: 512M 	num_reg: 10  	lose cover RAM: -14M
[    0.000000] *BAD*gran_size: 4M 	chunk_size: 1G 	num_reg: 10  	lose cover RAM: -510M
[    0.000000] *BAD*gran_size: 4M 	chunk_size: 2G 	num_reg: 10  	lose cover RAM: -1534M
[    0.000000]  gran_size: 8M 	chunk_size: 8M 	num_reg: 10  	lose cover RAM: 238M
[    0.000000]  gran_size: 8M 	chunk_size: 16M 	num_reg: 10  	lose cover RAM: 238M
[    0.000000]  gran_size: 8M 	chunk_size: 32M 	num_reg: 10  	lose cover RAM: 494M
[    0.000000] *BAD*gran_size: 8M 	chunk_size: 64M 	num_reg: 10  	lose cover RAM: -10M
[    0.000000] *BAD*gran_size: 8M 	chunk_size: 128M 	num_reg: 10  	lose cover RAM: -10M
[    0.000000] *BAD*gran_size: 8M 	chunk_size: 256M 	num_reg: 10  	lose cover RAM: -10M
[    0.000000] *BAD*gran_size: 8M 	chunk_size: 512M 	num_reg: 10  	lose cover RAM: -10M
[    0.000000] *BAD*gran_size: 8M 	chunk_size: 1G 	num_reg: 10  	lose cover RAM: -506M
[    0.000000] *BAD*gran_size: 8M 	chunk_size: 2G 	num_reg: 10  	lose cover RAM: -1530M
[    0.000000]  gran_size: 16M 	chunk_size: 16M 	num_reg: 10  	lose cover RAM: 238M
[    0.000000]  gran_size: 16M 	chunk_size: 32M 	num_reg: 10  	lose cover RAM: 494M
[    0.000000]  gran_size: 16M 	chunk_size: 64M 	num_reg: 10  	lose cover RAM: 14M
[    0.000000]  gran_size: 16M 	chunk_size: 128M 	num_reg: 10  	lose cover RAM: 14M
[    0.000000]  gran_size: 16M 	chunk_size: 256M 	num_reg: 10  	lose cover RAM: 14M
[    0.000000]  gran_size: 16M 	chunk_size: 512M 	num_reg: 10  	lose cover RAM: 14M
[    0.000000]  gran_size: 16M 	chunk_size: 1G 	num_reg: 10  	lose cover RAM: 14M
[    0.000000] *BAD*gran_size: 16M 	chunk_size: 2G 	num_reg: 10  	lose cover RAM: -1010M
[    0.000000]  gran_size: 32M 	chunk_size: 32M 	num_reg: 10  	lose cover RAM: 126M
[    0.000000]  gran_size: 32M 	chunk_size: 64M 	num_reg: 10  	lose cover RAM: 30M
[    0.000000]  gran_size: 32M 	chunk_size: 128M 	num_reg: 9  	lose cover RAM: 30M
[    0.000000]  gran_size: 32M 	chunk_size: 256M 	num_reg: 9  	lose cover RAM: 30M
[    0.000000]  gran_size: 32M 	chunk_size: 512M 	num_reg: 9  	lose cover RAM: 30M
[    0.000000]  gran_size: 32M 	chunk_size: 1G 	num_reg: 9  	lose cover RAM: 30M
[    0.000000]  gran_size: 32M 	chunk_size: 2G 	num_reg: 10  	lose cover RAM: 30M
[    0.000000]  gran_size: 64M 	chunk_size: 64M 	num_reg: 10  	lose cover RAM: 126M
[    0.000000]  gran_size: 64M 	chunk_size: 128M 	num_reg: 9  	lose cover RAM: 62M
[    0.000000]  gran_size: 64M 	chunk_size: 256M 	num_reg: 9  	lose cover RAM: 62M
[    0.000000]  gran_size: 64M 	chunk_size: 512M 	num_reg: 9  	lose cover RAM: 62M
[    0.000000]  gran_size: 64M 	chunk_size: 1G 	num_reg: 9  	lose cover RAM: 62M
[    0.000000]  gran_size: 64M 	chunk_size: 2G 	num_reg: 10  	lose cover RAM: 62M
[    0.000000]  gran_size: 128M 	chunk_size: 128M 	num_reg: 9  	lose cover RAM: 190M
[    0.000000]  gran_size: 128M 	chunk_size: 256M 	num_reg: 9  	lose cover RAM: 190M
[    0.000000]  gran_size: 128M 	chunk_size: 512M 	num_reg: 9  	lose cover RAM: 190M
[    0.000000]  gran_size: 128M 	chunk_size: 1G 	num_reg: 9  	lose cover RAM: 190M
[    0.000000]  gran_size: 128M 	chunk_size: 2G 	num_reg: 10  	lose cover RAM: 190M
[    0.000000]  gran_size: 256M 	chunk_size: 256M 	num_reg: 7  	lose cover RAM: 446M
[    0.000000]  gran_size: 256M 	chunk_size: 512M 	num_reg: 9  	lose cover RAM: 446M
[    0.000000]  gran_size: 256M 	chunk_size: 1G 	num_reg: 9  	lose cover RAM: 446M
[    0.000000]  gran_size: 256M 	chunk_size: 2G 	num_reg: 10  	lose cover RAM: 446M
[    0.000000]  gran_size: 512M 	chunk_size: 512M 	num_reg: 5  	lose cover RAM: 958M
[    0.000000]  gran_size: 512M 	chunk_size: 1G 	num_reg: 5  	lose cover RAM: 958M
[    0.000000]  gran_size: 512M 	chunk_size: 2G 	num_reg: 5  	lose cover RAM: 958M
[    0.000000]  gran_size: 1G 	chunk_size: 1G 	num_reg: 5  	lose cover RAM: 958M
[    0.000000]  gran_size: 1G 	chunk_size: 2G 	num_reg: 5  	lose cover RAM: 958M
[    0.000000]  gran_size: 2G 	chunk_size: 2G 	num_reg: 4  	lose cover RAM: 1982M
[    0.000000] mtrr_cleanup: can not find optimal value
[    0.000000] please specify mtrr_gran_size/mtrr_chunk_size
[    0.000000] e820: update [mem 0xdd000000-0xffffffff] usable ==> reserved
[    0.000000] e820: last_pfn = 0xdc000 max_arch_pfn = 0x400000000
[    0.000000] found SMP MP-table at [mem 0x000f4e50-0x000f4e5f]
[    0.000000] Scanning 1 areas for low memory corruption
[    0.000000] Using GB pages for direct mapping
[    0.000000] BRK [0x721793000, 0x721793fff] PGTABLE
[    0.000000] BRK [0x721794000, 0x721794fff] PGTABLE
[    0.000000] BRK [0x721795000, 0x721795fff] PGTABLE
[    0.000000] BRK [0x721796000, 0x721796fff] PGTABLE
[    0.000000] BRK [0x721797000, 0x721797fff] PGTABLE
[    0.000000] BRK [0x721798000, 0x721798fff] PGTABLE
[    0.000000] BRK [0x721799000, 0x721799fff] PGTABLE
[    0.000000] BRK [0x72179a000, 0x72179afff] PGTABLE
[    0.000000] BRK [0x72179b000, 0x72179bfff] PGTABLE
[    0.000000] BRK [0x72179c000, 0x72179cfff] PGTABLE
[    0.000000] BRK [0x72179d000, 0x72179dfff] PGTABLE
[    0.000000] RAMDISK: [mem 0x31510000-0x34a7ffff]
[    0.000000] ACPI: Early table checksum verification disabled
[    0.000000] ACPI: RSDP 0x00000000DB902000 000024 (v02 HPQOEM)
[    0.000000] ACPI: XSDT 0x00000000DB902090 0000A4 (v01 HPQOEM SLIC-BPC 20141020 AMI  00010013)
[    0.000000] ACPI: FACP 0x00000000DB90FB28 00010C (v05 HPQOEM SLIC-BPC 20141020 AMI  00010013)
[    0.000000] ACPI: DSDT 0x00000000DB9021C8 00D960 (v02 HPQOEM SLIC-BPC 00000001 INTL 20091112)
[    0.000000] ACPI: FACS 0x00000000DBA0B080 000040
[    0.000000] ACPI: APIC 0x00000000DB90FC38 000092 (v03 HPQOEM SLIC-BPC 20141020 AMI  00010013)
[    0.000000] ACPI: FPDT 0x00000000DB90FCD0 000044 (v01 HPQOEM SLIC-BPC 20141020 AMI  00010013)
[    0.000000] ACPI: SSDT 0x00000000DB90FD18 000539 (v01 PmRef  Cpu0Ist  00003000 INTL 20120711)
[    0.000000] ACPI: SSDT 0x00000000DB910258 000AD8 (v01 PmRef  CpuPm    00003000 INTL 20120711)
[    0.000000] ACPI: SSDT 0x00000000DB910D30 0001C7 (v01 PmRef  LakeTiny 00003000 INTL 20120711)
[    0.000000] ACPI: MCFG 0x00000000DB910EF8 00003C (v01 HPQOEM SLIC-BPC 20141020 MSFT 00000097)
[    0.000000] ACPI: HPET 0x00000000DB910F38 000038 (v01 HPQOEM SLIC-BPC 20141020 AMI. 00000005)
[    0.000000] ACPI: SSDT 0x00000000DB910F70 00036D (v01 SataRe SataTabl 00001000 INTL 20120711)
[    0.000000] ACPI: SSDT 0x00000000DB9112E0 003462 (v01 SaSsdt SaSsdt   00003000 INTL 20091112)
[    0.000000] ACPI: SSDT 0x00000000DB914748 00668F (v01 COMPAQ WMI      00000001 MSFT 03000001)
[    0.000000] ACPI: SLIC 0x00000000DB91ADD8 000176 (v01 HPQOEM SLIC-BPC 00000001      00000000)
[    0.000000] ACPI: MSDM 0x00000000DB91AF50 000055 (v03 HPQOEM SLIC-BPC 20141020 HPQ  00010013)
[    0.000000] ACPI: ASF! 0x00000000DB91AFA8 0000A5 (v32 INTEL   HCG     00000001 TFSM 000F4240)
[    0.000000] ACPI: TCPA 0x00000000DB91B050 000032 (v02 APTIO4 NAPAASF  00000001 MSFT 01000013)
[    0.000000] ACPI: DMAR 0x00000000DB91B088 0000B8 (v01 INTEL  HSW      00000001 INTL 00000001)
[    0.000000] ACPI: Local APIC address 0xfee00000
[    0.000000] No NUMA configuration found
[    0.000000] Faking a node at [mem 0x0000000000000000-0x000000081edfffff]
[    0.000000] NODE_DATA(0) allocated [mem 0x81edd5000-0x81edfffff]
[    0.000000] tsc: Fast TSC calibration using PIT
[    0.000000] Zone ranges:
[    0.000000]   DMA      [mem 0x0000000000001000-0x0000000000ffffff]
[    0.000000]   DMA32    [mem 0x0000000001000000-0x00000000ffffffff]
[    0.000000]   Normal   [mem 0x0000000100000000-0x000000081edfffff]
[    0.000000]   Device   empty
[    0.000000] Movable zone start for each node
[    0.000000] Early memory node ranges
[    0.000000]   node   0: [mem 0x0000000000001000-0x000000000004efff]
[    0.000000]   node   0: [mem 0x0000000000050000-0x000000000009dfff]
[    0.000000]   node   0: [mem 0x0000000000100000-0x00000000c86ecfff]
[    0.000000]   node   0: [mem 0x00000000c86f4000-0x00000000c8b37fff]
[    0.000000]   node   0: [mem 0x00000000c8eea000-0x00000000db705fff]
[    0.000000]   node   0: [mem 0x00000000dbfff000-0x00000000dbffffff]
[    0.000000]   node   0: [mem 0x0000000100000000-0x000000081edfffff]
[    0.000000] Reserved but unavailable: 99 pages
[    0.000000] Initmem setup node 0 [mem 0x0000000000001000-0x000000081edfffff]
[    0.000000] On node 0 totalpages: 8364266
[    0.000000]   DMA zone: 64 pages used for memmap
[    0.000000]   DMA zone: 41 pages reserved
[    0.000000]   DMA zone: 3996 pages, LIFO batch:0
[    0.000000]   DMA32 zone: 13966 pages used for memmap
[    0.000000]   DMA32 zone: 893774 pages, LIFO batch:31
[    0.000000]   Normal zone: 116664 pages used for memmap
[    0.000000]   Normal zone: 7466496 pages, LIFO batch:31
[    0.000000] Reserving Intel graphics memory at 0x00000000dd200000-0x00000000df1fffff
[    0.000000] ACPI: PM-Timer IO Port: 0x408
[    0.000000] ACPI: Local APIC address 0xfee00000
[    0.000000] ACPI: LAPIC_NMI (acpi_id[0xff] high edge lint[0x1])
[    0.000000] IOAPIC[0]: apic_id 8, version 32, address 0xfec00000, GSI 0-23
[    0.000000] ACPI: INT_SRC_OVR (bus 0 bus_irq 0 global_irq 2 dfl dfl)
[    0.000000] ACPI: INT_SRC_OVR (bus 0 bus_irq 9 global_irq 9 high level)
[    0.000000] ACPI: IRQ0 used by override.
[    0.000000] ACPI: IRQ9 used by override.
[    0.000000] Using ACPI (MADT) for SMP configuration information
[    0.000000] ACPI: HPET id: 0x8086a701 base: 0xfed00000
[    0.000000] smpboot: Allowing 8 CPUs, 0 hotplug CPUs
[    0.000000] PM: Registered nosave memory: [mem 0x00000000-0x00000fff]
[    0.000000] PM: Registered nosave memory: [mem 0x0004f000-0x0004ffff]
[    0.000000] PM: Registered nosave memory: [mem 0x0009e000-0x0009ffff]
[    0.000000] PM: Registered nosave memory: [mem 0x000a0000-0x000fffff]
[    0.000000] PM: Registered nosave memory: [mem 0xc86ed000-0xc86f3fff]
[    0.000000] PM: Registered nosave memory: [mem 0xc8b38000-0xc8ee9fff]
[    0.000000] PM: Registered nosave memory: [mem 0xdb706000-0xdb8fbfff]
[    0.000000] PM: Registered nosave memory: [mem 0xdb8fc000-0xdb91bfff]
[    0.000000] PM: Registered nosave memory: [mem 0xdb91c000-0xdba0cfff]
[    0.000000] PM: Registered nosave memory: [mem 0xdba0d000-0xdbf7ffff]
[    0.000000] PM: Registered nosave memory: [mem 0xdbf80000-0xdbffefff]
[    0.000000] PM: Registered nosave memory: [mem 0xdc000000-0xdcffffff]
[    0.000000] PM: Registered nosave memory: [mem 0xdd000000-0xdf1fffff]
[    0.000000] PM: Registered nosave memory: [mem 0xdf200000-0xf7ffffff]
[    0.000000] PM: Registered nosave memory: [mem 0xf8000000-0xfbffffff]
[    0.000000] PM: Registered nosave memory: [mem 0xfc000000-0xfebfffff]
[    0.000000] PM: Registered nosave memory: [mem 0xfec00000-0xfec00fff]
[    0.000000] PM: Registered nosave memory: [mem 0xfec01000-0xfecfffff]
[    0.000000] PM: Registered nosave memory: [mem 0xfed00000-0xfed03fff]
[    0.000000] PM: Registered nosave memory: [mem 0xfed04000-0xfed1bfff]
[    0.000000] PM: Registered nosave memory: [mem 0xfed1c000-0xfed1ffff]
[    0.000000] PM: Registered nosave memory: [mem 0xfed20000-0xfedfffff]
[    0.000000] PM: Registered nosave memory: [mem 0xfee00000-0xfee00fff]
[    0.000000] PM: Registered nosave memory: [mem 0xfee01000-0xfeffffff]
[    0.000000] PM: Registered nosave memory: [mem 0xff000000-0xffffffff]
[    0.000000] e820: [mem 0xdf200000-0xf7ffffff] available for PCI devices
[    0.000000] Booting paravirtualized kernel on bare hardware
[    0.000000] clocksource: refined-jiffies: mask: 0xffffffff max_cycles: 0xffffffff, max_idle_ns: 7645519600211568 ns
[    0.000000] random: get_random_bytes called from start_kernel+0x99/0x51e with crng_init=0
[    0.000000] setup_percpu: NR_CPUS:8192 nr_cpumask_bits:8 nr_cpu_ids:8 nr_node_ids:1
[    0.000000] percpu: Embedded 45 pages/cpu s147456 r8192 d28672 u262144
[    0.000000] pcpu-alloc: s147456 r8192 d28672 u262144 alloc=1*2097152
[    0.000000] pcpu-alloc: [0] 0 1 2 3 4 5 6 7 
[    0.000000] Built 1 zonelists, mobility grouping on.  Total pages: 8233531
[    0.000000] Policy zone: Normal
[    0.000000] Kernel command line: BOOT_IMAGE=/boot/vmlinuz-4.15.0-107-generic root=UUID=9f6bc6fd-0ffe-4032-8ae1-1ab02ab5d300 ro quiet splash vt.handoff=7
[    0.000000] Calgary: detecting Calgary via BIOS EBDA area
[    0.000000] Calgary: Unable to locate Rio Grande table in EBDA - bailing!
[    0.000000] Memory: 32540992K/33457064K available (12300K kernel code, 2480K rwdata, 4220K rodata, 2432K init, 2720K bss, 916072K reserved, 0K cma-reserved)
[    0.000000] SLUB: HWalign=64, Order=0-3, MinObjects=0, CPUs=8, Nodes=1
[    0.000000] Kernel/User page tables isolation: enabled
[    0.000000] ftrace: allocating 39359 entries in 154 pages
[    0.000000] Hierarchical RCU implementation.
[    0.000000] 	RCU restricting CPUs from NR_CPUS=8192 to nr_cpu_ids=8.
[    0.000000] 	Tasks RCU enabled.
[    0.000000] RCU: Adjusting geometry for rcu_fanout_leaf=16, nr_cpu_ids=8
[    0.000000] NR_IRQS: 524544, nr_irqs: 488, preallocated irqs: 16
[    0.000000] vt handoff: transparent VT on vt#7
[    0.000000] Console: colour dummy device 80x25
[    0.000000] console [tty0] enabled
[    0.000000] ACPI: Core revision 20170831
[    0.000000] ACPI: 7 ACPI AML tables successfully acquired and loaded
[    0.000000] clocksource: hpet: mask: 0xffffffff max_cycles: 0xffffffff, max_idle_ns: 133484882848 ns
[    0.000000] hpet clockevent registered
[    0.000000] APIC: Switch to symmetric I/O mode setup
[    0.000000] DMAR: Host address width 39
[    0.000000] DMAR: DRHD base: 0x000000fed90000 flags: 0x0
[    0.000000] DMAR: dmar0: reg_base_addr fed90000 ver 1:0 cap c0000020660462 ecap f0101a
[    0.000000] DMAR: DRHD base: 0x000000fed91000 flags: 0x1
[    0.000000] DMAR: dmar1: reg_base_addr fed91000 ver 1:0 cap d2008020660462 ecap f010da
[    0.000000] DMAR: RMRR base: 0x000000db892000 end: 0x000000db89efff
[    0.000000] DMAR: RMRR base: 0x000000dd000000 end: 0x000000df1fffff
[    0.000000] DMAR-IR: IOAPIC id 8 under DRHD base  0xfed91000 IOMMU 1
[    0.000000] DMAR-IR: HPET id 0 under DRHD base 0xfed91000
[    0.000000] DMAR-IR: Queued invalidation will be enabled to support x2apic and Intr-remapping.
[    0.000000] DMAR-IR: Enabled IRQ remapping in x2apic mode
[    0.000000] x2apic enabled
[    0.000000] Switched APIC routing to cluster x2apic.
[    0.000000] ..TIMER: vector=0x30 apic1=0 pin1=2 apic2=-1 pin2=-1
[    0.020000] tsc: Fast TSC calibration using PIT
[    0.024000] tsc: Detected 3392.255 MHz processor
[    0.024000] Calibrating delay loop (skipped), value calculated using timer frequency.. 6784.51 BogoMIPS (lpj=13569020)
[    0.024000] pid_max: default: 32768 minimum: 301
[    0.024000] Security Framework initialized
[    0.024000] Yama: becoming mindful.
[    0.024000] AppArmor: AppArmor initialized
[    0.029519] Dentry cache hash table entries: 4194304 (order: 13, 33554432 bytes)
[    0.031383] Inode-cache hash table entries: 2097152 (order: 12, 16777216 bytes)
[    0.031454] Mount-cache hash table entries: 65536 (order: 7, 524288 bytes)
[    0.031515] Mountpoint-cache hash table entries: 65536 (order: 7, 524288 bytes)
[    0.031674] ENERGY_PERF_BIAS: Set to 'normal', was 'performance'
[    0.031674] ENERGY_PERF_BIAS: View and update with x86_energy_perf_policy(8)
[    0.031691] CPU0: Thermal monitoring enabled (TM1)
[    0.031701] process: using mwait in idle threads
[    0.031703] Last level iTLB entries: 4KB 1024, 2MB 1024, 4MB 1024
[    0.031703] Last level dTLB entries: 4KB 1024, 2MB 1024, 4MB 1024, 1GB 4
[    0.031705] Spectre V1 : Mitigation: usercopy/swapgs barriers and __user pointer sanitization
[    0.031706] Spectre V2 : Mitigation: Full generic retpoline
[    0.031706] Spectre V2 : Spectre v2 / SpectreRSB mitigation: Filling RSB on context switch
[    0.031706] Spectre V2 : Enabling Restricted Speculation for firmware calls
[    0.031713] Spectre V2 : mitigation: Enabling conditional Indirect Branch Prediction Barrier
[    0.031713] Spectre V2 : User space: Mitigation: STIBP via seccomp and prctl
[    0.031714] Speculative Store Bypass: Mitigation: Speculative Store Bypass disabled via prctl and seccomp
[    0.031732] SRBDS: Mitigation: Microcode
[    0.031732] MDS: Mitigation: Clear CPU buffers
[    0.036070] Freeing SMP alternatives memory: 36K
[    0.041725] smpboot: CPU0: Intel(R) Core(TM) i7-4770 CPU @ 3.40GHz (family: 0x6, model: 0x3c, stepping: 0x3)
[    0.041775] Performance Events: PEBS fmt2+, Haswell events, 16-deep LBR, full-width counters, Intel PMU driver.
[    0.041805] ... version:                3
[    0.041805] ... bit width:              48
[    0.041806] ... generic registers:      4
[    0.041806] ... value mask:             0000ffffffffffff
[    0.041807] ... max period:             00007fffffffffff
[    0.041807] ... fixed-purpose events:   3
[    0.041807] ... event mask:             000000070000000f
[    0.041833] Hierarchical SRCU implementation.
[    0.042788] NMI watchdog: Enabled. Permanently consumes one hw-PMU counter.
[    0.042799] smp: Bringing up secondary CPUs ...
[    0.042853] x86: Booting SMP configuration:
[    0.042853] .... node  #0, CPUs:      #1 #2 #3 #4
[    0.045577] MDS CPU bug present and SMT on, data leak possible. See https://www.kernel.org/doc/html/latest/admin-guide/hw-vuln/mds.html for more details.
[    0.045577]  #5 #6 #7
[    0.048213] smp: Brought up 1 node, 8 CPUs
[    0.048213] smpboot: Max logical packages: 1
[    0.048213] smpboot: Total of 8 processors activated (54276.08 BogoMIPS)
[    0.052737] devtmpfs: initialized
[    0.052737] x86/mm: Memory block size: 128MB
[    0.053550] evm: security.selinux
[    0.053550] evm: security.SMACK64
[    0.053551] evm: security.SMACK64EXEC
[    0.053551] evm: security.SMACK64TRANSMUTE
[    0.053551] evm: security.SMACK64MMAP
[    0.053551] evm: security.apparmor
[    0.053552] evm: security.ima
[    0.053552] evm: security.capability
[    0.053565] PM: Registering ACPI NVS region [mem 0xc86ed000-0xc86f3fff] (28672 bytes)
[    0.053565] PM: Registering ACPI NVS region [mem 0xdb91c000-0xdba0cfff] (987136 bytes)
[    0.053565] clocksource: jiffies: mask: 0xffffffff max_cycles: 0xffffffff, max_idle_ns: 7645041785100000 ns
[    0.053565] futex hash table entries: 2048 (order: 5, 131072 bytes)
[    0.053565] pinctrl core: initialized pinctrl subsystem
[    0.053565] RTC time:  5:43:10, date: 07/07/20
[    0.053565] NET: Registered protocol family 16
[    0.053565] audit: initializing netlink subsys (disabled)
[    0.053565] audit: type=2000 audit(1594100590.052:1): state=initialized audit_enabled=0 res=1
[    0.053565] cpuidle: using governor ladder
[    0.053565] cpuidle: using governor menu
[    0.053565] ACPI FADT declares the system doesn't support PCIe ASPM, so disable it
[    0.053565] ACPI: bus type PCI registered
[    0.053565] acpiphp: ACPI Hot Plug PCI Controller Driver version: 0.5
[    0.053565] PCI: MMCONFIG for domain 0000 [bus 00-3f] at [mem 0xf8000000-0xfbffffff] (base 0xf8000000)
[    0.053565] PCI: MMCONFIG at [mem 0xf8000000-0xfbffffff] reserved in E820
[    0.053565] pmd_set_huge: Cannot satisfy [mem 0xf8000000-0xf8200000] with a huge-page mapping due to MTRR override.
[    0.053565] PCI: Using configuration type 1 for base access
[    0.053565] core: PMU erratum BJ122, BV98, HSD29 worked around, HT is on
[    0.056543] HugeTLB registered 1.00 GiB page size, pre-allocated 0 pages
[    0.056543] HugeTLB registered 2.00 MiB page size, pre-allocated 0 pages
[    0.056543] ACPI: Added _OSI(Module Device)
[    0.056543] ACPI: Added _OSI(Processor Device)
[    0.056543] ACPI: Added _OSI(3.0 _SCP Extensions)
[    0.056543] ACPI: Added _OSI(Processor Aggregator Device)
[    0.056543] ACPI: Added _OSI(Linux-Dell-Video)
[    0.056543] ACPI: Added _OSI(Linux-Lenovo-NV-HDMI-Audio)
[    0.056543] ACPI: Added _OSI(Linux-HPI-Hybrid-Graphics)
[    0.056543] ACPI: Executed 1 blocks of module-level executable AML code
[    0.058874] ACPI: [Firmware Bug]: BIOS _OSI(Linux) query ignored
[    0.060141] ACPI: Dynamic OEM Table Load:
[    0.060146] ACPI: SSDT 0xFFFF9B76FA692C00 0003D3 (v01 PmRef  Cpu0Cst  00003001 INTL 20120711)
[    0.060310] ACPI: Dynamic OEM Table Load:
[    0.060314] ACPI: SSDT 0xFFFF9B76FA6CD000 0005AA (v01 PmRef  ApIst    00003000 INTL 20120711)
[    0.060681] ACPI: Dynamic OEM Table Load:
[    0.060681] ACPI: SSDT 0xFFFF9B76FA08AE00 000119 (v01 PmRef  ApCst    00003000 INTL 20120711)
[    0.061096] ACPI: Interpreter enabled
[    0.061120] ACPI: (supports S0 S3 S4 S5)
[    0.061121] ACPI: Using IOAPIC for interrupt routing
[    0.061145] PCI: Using host bridge windows from ACPI; if necessary, use "pci=nocrs" and report a bug
[    0.061428] ACPI: Enabled 7 GPEs in block 00 to 3F
[    0.071169] ACPI: Power Resource [FN00] (off)
[    0.071245] ACPI: Power Resource [FN01] (off)
[    0.076149] ACPI: PCI Root Bridge [PCI0] (domain 0000 [bus 00-3e])
[    0.076153] acpi PNP0A08:00: _OSC: OS supports [ExtendedConfig ASPM ClockPM Segments MSI]
[    0.076394] acpi PNP0A08:00: _OSC: platform does not support [PCIeHotplug PME]
[    0.076540] acpi PNP0A08:00: _OSC: OS now controls [AER PCIeCapability]
[    0.076540] acpi PNP0A08:00: FADT indicates ASPM is unsupported, using BIOS configuration
[    0.076960] PCI host bridge to bus 0000:00
[    0.076961] pci_bus 0000:00: root bus resource [io  0x0000-0x0cf7 window]
[    0.076962] pci_bus 0000:00: root bus resource [io  0x0d00-0xffff window]
[    0.076963] pci_bus 0000:00: root bus resource [mem 0x000a0000-0x000bffff window]
[    0.076963] pci_bus 0000:00: root bus resource [mem 0x000d0000-0x000d3fff window]
[    0.076964] pci_bus 0000:00: root bus resource [mem 0x000d4000-0x000d7fff window]
[    0.076965] pci_bus 0000:00: root bus resource [mem 0x000d8000-0x000dbfff window]
[    0.076965] pci_bus 0000:00: root bus resource [mem 0x000dc000-0x000dffff window]
[    0.076966] pci_bus 0000:00: root bus resource [mem 0xdf200000-0xfeafffff window]
[    0.076967] pci_bus 0000:00: root bus resource [bus 00-3e]
[    0.076972] pci 0000:00:00.0: [8086:0c00] type 00 class 0x060000
[    0.077043] pci 0000:00:02.0: [8086:0412] type 00 class 0x030000
[    0.077051] pci 0000:00:02.0: reg 0x10: [mem 0xf7800000-0xf7bfffff 64bit]
[    0.077055] pci 0000:00:02.0: reg 0x18: [mem 0xe0000000-0xefffffff 64bit pref]
[    0.077058] pci 0000:00:02.0: reg 0x20: [io  0xf000-0xf03f]
[    0.077066] pci 0000:00:02.0: BAR 2: assigned to efifb
[    0.077122] pci 0000:00:03.0: [8086:0c0c] type 00 class 0x040300
[    0.077128] pci 0000:00:03.0: reg 0x10: [mem 0xf7c34000-0xf7c37fff 64bit]
[    0.077208] pci 0000:00:14.0: [8086:8c31] type 00 class 0x0c0330
[    0.077225] pci 0000:00:14.0: reg 0x10: [mem 0xf7c20000-0xf7c2ffff 64bit]
[    0.077277] pci 0000:00:14.0: PME# supported from D3hot D3cold
[    0.077333] pci 0000:00:16.0: [8086:8c3a] type 00 class 0x078000
[    0.077352] pci 0000:00:16.0: reg 0x10: [mem 0xf7c40000-0xf7c4000f 64bit]
[    0.077406] pci 0000:00:16.0: PME# supported from D0 D3hot D3cold
[    0.077460] pci 0000:00:16.3: [8086:8c3d] type 00 class 0x070002
[    0.077474] pci 0000:00:16.3: reg 0x10: [io  0xf0e0-0xf0e7]
[    0.077479] pci 0000:00:16.3: reg 0x14: [mem 0xf7c3e000-0xf7c3efff]
[    0.077577] pci 0000:00:19.0: [8086:153a] type 00 class 0x020000
[    0.077593] pci 0000:00:19.0: reg 0x10: [mem 0xf7c00000-0xf7c1ffff]
[    0.077600] pci 0000:00:19.0: reg 0x14: [mem 0xf7c3d000-0xf7c3dfff]
[    0.077606] pci 0000:00:19.0: reg 0x18: [io  0xf080-0xf09f]
[    0.077656] pci 0000:00:19.0: PME# supported from D0 D3hot D3cold
[    0.077714] pci 0000:00:1a.0: [8086:8c2d] type 00 class 0x0c0320
[    0.077732] pci 0000:00:1a.0: reg 0x10: [mem 0xf7c3c000-0xf7c3c3ff]
[    0.077805] pci 0000:00:1a.0: PME# supported from D0 D3hot D3cold
[    0.077863] pci 0000:00:1b.0: [8086:8c20] type 00 class 0x040300
[    0.077879] pci 0000:00:1b.0: reg 0x10: [mem 0xf7c30000-0xf7c33fff 64bit]
[    0.077931] pci 0000:00:1b.0: PME# supported from D0 D3hot D3cold
[    0.077990] pci 0000:00:1c.0: [8086:8c10] type 01 class 0x060400
[    0.078052] pci 0000:00:1c.0: PME# supported from D0 D3hot D3cold
[    0.078161] pci 0000:00:1d.0: [8086:8c26] type 00 class 0x0c0320
[    0.078181] pci 0000:00:1d.0: reg 0x10: [mem 0xf7c3b000-0xf7c3b3ff]
[    0.078253] pci 0000:00:1d.0: PME# supported from D0 D3hot D3cold
[    0.078313] pci 0000:00:1f.0: [8086:8c4e] type 00 class 0x060100
[    0.078458] pci 0000:00:1f.2: [8086:8c02] type 00 class 0x010601
[    0.078471] pci 0000:00:1f.2: reg 0x10: [io  0xf0d0-0xf0d7]
[    0.078477] pci 0000:00:1f.2: reg 0x14: [io  0xf0c0-0xf0c3]
[    0.078483] pci 0000:00:1f.2: reg 0x18: [io  0xf0b0-0xf0b7]
[    0.078489] pci 0000:00:1f.2: reg 0x1c: [io  0xf0a0-0xf0a3]
[    0.078495] pci 0000:00:1f.2: reg 0x20: [io  0xf060-0xf07f]
[    0.078501] pci 0000:00:1f.2: reg 0x24: [mem 0xf7c3a000-0xf7c3a7ff]
[    0.078531] pci 0000:00:1f.2: PME# supported from D3hot
[    0.078583] pci 0000:00:1f.3: [8086:8c22] type 00 class 0x0c0500
[    0.078597] pci 0000:00:1f.3: reg 0x10: [mem 0xf7c39000-0xf7c390ff 64bit]
[    0.078614] pci 0000:00:1f.3: reg 0x20: [io  0xf040-0xf05f]
[    0.078770] pci 0000:01:00.0: [1283:8893] type 01 class 0x060401
[    0.079138] pci 0000:01:00.0: supports D1 D2
[    0.079139] pci 0000:01:00.0: PME# supported from D0 D1 D2 D3hot D3cold
[    0.079199] pci 0000:00:1c.0: PCI bridge to [bus 01-02]
[    0.080033] pci 0000:01:00.0: PCI bridge to [bus 02] (subtractive decode)
[    0.080954] ACPI: PCI Interrupt Link [LNKA] (IRQs 3 4 5 6 10 *11 12 14 15)
[    0.081003] ACPI: PCI Interrupt Link [LNKB] (IRQs 3 4 5 6 10 11 12 14 15) *0, disabled.
[    0.081052] ACPI: PCI Interrupt Link [LNKC] (IRQs 3 4 5 6 *10 11 12 14 15)
[    0.081099] ACPI: PCI Interrupt Link [LNKD] (IRQs 3 4 5 6 *10 11 12 14 15)
[    0.081147] ACPI: PCI Interrupt Link [LNKE] (IRQs 3 4 *5 6 10 11 12 14 15)
[    0.081195] ACPI: PCI Interrupt Link [LNKF] (IRQs 3 4 5 6 10 11 12 14 15) *0, disabled.
[    0.081242] ACPI: PCI Interrupt Link [LNKG] (IRQs *3 4 5 6 10 11 12 14 15)
[    0.081290] ACPI: PCI Interrupt Link [LNKH] (IRQs 3 4 5 6 10 *11 12 14 15)
[    0.081683] SCSI subsystem initialized
[    0.081693] libata version 3.00 loaded.
[    0.081693] pci 0000:00:02.0: vgaarb: setting as boot VGA device
[    0.081693] pci 0000:00:02.0: vgaarb: VGA device added: decodes=io+mem,owns=io+mem,locks=none
[    0.081693] pci 0000:00:02.0: vgaarb: bridge control possible
[    0.081693] vgaarb: loaded
[    0.081693] ACPI: bus type USB registered
[    0.081693] usbcore: registered new interface driver usbfs
[    0.081693] usbcore: registered new interface driver hub
[    0.081693] usbcore: registered new device driver usb
[    0.081693] EDAC MC: Ver: 3.0.0
[    0.081693] Registered efivars operations
[    0.081693] PCI: Using ACPI for IRQ routing
[    0.081693] PCI: pci_cache_line_size set to 64 bytes
[    0.081693] e820: reserve RAM buffer [mem 0x0004f000-0x0004ffff]
[    0.081693] e820: reserve RAM buffer [mem 0x0009e000-0x0009ffff]
[    0.081693] e820: reserve RAM buffer [mem 0xc86ed000-0xcbffffff]
[    0.081693] e820: reserve RAM buffer [mem 0xc8b38000-0xcbffffff]
[    0.081693] e820: reserve RAM buffer [mem 0xdb706000-0xdbffffff]
[    0.081693] e820: reserve RAM buffer [mem 0x81ee00000-0x81fffffff]
[    0.081693] NetLabel: Initializing
[    0.081693] NetLabel:  domain hash size = 128
[    0.081693] NetLabel:  protocols = UNLABELED CIPSOv4 CALIPSO
[    0.081693] NetLabel:  unlabeled traffic allowed by default
[    0.081693] hpet0: at MMIO 0xfed00000, IRQs 2, 8, 0, 0, 0, 0, 0, 0
[    0.081693] hpet0: 8 comparators, 64-bit 14.318180 MHz counter
[    0.085018] clocksource: Switched to clocksource hpet
[    0.091513] VFS: Disk quotas dquot_6.6.0
[    0.091525] VFS: Dquot-cache hash table entries: 512 (order 0, 4096 bytes)
[    0.091600] AppArmor: AppArmor Filesystem Enabled
[    0.091617] pnp: PnP ACPI init
[    0.091694] system 00:00: [mem 0xfed40000-0xfed44fff] has been reserved
[    0.091698] system 00:00: Plug and Play ACPI device, IDs PNP0c01 (active)
[    0.091787] pnp 00:01: can't evaluate _CRS: 12311
[    0.091809] system 00:01: Plug and Play ACPI device, IDs PNP0c02 (active)
[    0.091824] pnp 00:02: Plug and Play ACPI device, IDs PNP0b00 (active)
[    0.091862] system 00:03: [io  0x1854-0x1857] has been reserved
[    0.091864] system 00:03: Plug and Play ACPI device, IDs INT3f0d PNP0c02 (active)
[    0.091982] system 00:04: [io  0x0a20-0x0a3f] has been reserved
[    0.091983] system 00:04: [io  0x0a10-0x0a1f] has been reserved
[    0.091985] system 00:04: Plug and Play ACPI device, IDs PNP0c02 (active)
[    0.092017] pnp 00:05: Plug and Play ACPI device, IDs PNP0303 PNP030b (active)
[    0.092053] pnp 00:06: Plug and Play ACPI device, IDs PNP0f03 PNP0f13 (active)
[    0.092088] system 00:07: [io  0x04d0-0x04d1] has been reserved
[    0.092090] system 00:07: Plug and Play ACPI device, IDs PNP0c02 (active)
[    0.092255] pnp 00:08: [dma 0 disabled]
[    0.092311] pnp 00:08: Plug and Play ACPI device, IDs PNP0501 (active)
[    0.092512] pnp 00:09: Plug and Play ACPI device, IDs IFX0102 PNP0c31 (active)
[    0.092894] system 00:0a: [mem 0xfed1c000-0xfed1ffff] has been reserved
[    0.092895] system 00:0a: [mem 0xfed10000-0xfed17fff] has been reserved
[    0.092895] system 00:0a: [mem 0xfed18000-0xfed18fff] has been reserved
[    0.092896] system 00:0a: [mem 0xfed19000-0xfed19fff] has been reserved
[    0.092897] system 00:0a: [mem 0xf8000000-0xfbffffff] has been reserved
[    0.092898] system 00:0a: [mem 0xfed20000-0xfed3ffff] has been reserved
[    0.092899] system 00:0a: [mem 0xfed90000-0xfed93fff] could not be reserved
[    0.092899] system 00:0a: [mem 0xfed45000-0xfed8ffff] has been reserved
[    0.092900] system 00:0a: [mem 0xff000000-0xffffffff] has been reserved
[    0.092901] system 00:0a: [mem 0xfee00000-0xfeefffff] could not be reserved
[    0.092902] system 00:0a: [mem 0xf7fdf000-0xf7fdffff] has been reserved
[    0.092903] system 00:0a: [mem 0xf7fe0000-0xf7feffff] has been reserved
[    0.092905] system 00:0a: Plug and Play ACPI device, IDs PNP0c02 (active)
[    0.093168] pnp: PnP ACPI: found 11 devices
[    0.098859] clocksource: acpi_pm: mask: 0xffffff max_cycles: 0xffffff, max_idle_ns: 2085701024 ns
[    0.098884] pci 0000:01:00.0: PCI bridge to [bus 02]
[    0.098906] pci 0000:00:1c.0: PCI bridge to [bus 01-02]
[    0.098915] pci_bus 0000:00: resource 4 [io  0x0000-0x0cf7 window]
[    0.098916] pci_bus 0000:00: resource 5 [io  0x0d00-0xffff window]
[    0.098917] pci_bus 0000:00: resource 6 [mem 0x000a0000-0x000bffff window]
[    0.098918] pci_bus 0000:00: resource 7 [mem 0x000d0000-0x000d3fff window]
[    0.098918] pci_bus 0000:00: resource 8 [mem 0x000d4000-0x000d7fff window]
[    0.098919] pci_bus 0000:00: resource 9 [mem 0x000d8000-0x000dbfff window]
[    0.098920] pci_bus 0000:00: resource 10 [mem 0x000dc000-0x000dffff window]
[    0.098920] pci_bus 0000:00: resource 11 [mem 0xdf200000-0xfeafffff window]
[    0.099020] NET: Registered protocol family 2
[    0.099155] TCP established hash table entries: 262144 (order: 9, 2097152 bytes)
[    0.099375] TCP bind hash table entries: 65536 (order: 8, 1048576 bytes)
[    0.099472] TCP: Hash tables configured (established 262144 bind 65536)
[    0.099503] UDP hash table entries: 16384 (order: 7, 524288 bytes)
[    0.099566] UDP-Lite hash table entries: 16384 (order: 7, 524288 bytes)
[    0.099645] NET: Registered protocol family 1
[    0.099654] pci 0000:00:02.0: Video device with shadowed ROM at [mem 0x000c0000-0x000dffff]
[    0.148089] PCI: CLS 64 bytes, default 64
[    0.148118] Unpacking initramfs...
[    0.682631] Freeing initrd memory: 54720K
[    0.682689] PCI-DMA: Using software bounce buffering for IO (SWIOTLB)
[    0.682691] software IO TLB: mapped [mem 0xc46ed000-0xc86ed000] (64MB)
[    0.682978] Scanning for low memory corruption every 60 seconds
[    0.683465] Initialise system trusted keyrings
[    0.683472] Key type blacklist registered
[    0.683503] workingset: timestamp_bits=36 max_order=23 bucket_order=0
[    0.684220] zbud: loaded
[    0.684568] squashfs: version 4.0 (2009/01/31) Phillip Lougher
[    0.684654] fuse init (API version 7.26)
[    0.685862] Key type asymmetric registered
[    0.685863] Asymmetric key parser 'x509' registered
[    0.685883] Block layer SCSI generic (bsg) driver version 0.4 loaded (major 246)
[    0.685914] io scheduler noop registered
[    0.685914] io scheduler deadline registered
[    0.685930] io scheduler cfq registered (default)
[    0.686216] efifb: probing for efifb
[    0.686224] efifb: framebuffer at 0xe0000000, using 1920k, total 1920k
[    0.686224] efifb: mode is 800x600x32, linelength=3200, pages=1
[    0.686224] efifb: scrolling: redraw
[    0.686225] efifb: Truecolor: size=8:8:8:8, shift=24:16:8:0
[    0.686275] Console: switching to colour frame buffer device 100x37
[    0.686283] fb0: EFI VGA frame buffer device
[    0.686288] intel_idle: MWAIT substates: 0x42120
[    0.686288] intel_idle: v0.4.1 model 0x3C
[    0.686482] intel_idle: lapic_timer_reliable_states 0xffffffff
[    0.686591] input: Power Button as /devices/LNXSYSTM:00/LNXSYBUS:00/PNP0C0C:00/input/input0
[    0.686615] ACPI: Power Button [PWRB]
[    0.686639] input: Power Button as /devices/LNXSYSTM:00/LNXPWRBN:00/input/input1
[    0.686653] ACPI: Power Button [PWRF]
[    0.687091] ACPI: Invalid active2 threshold
[    0.687138] (NULL device *): hwmon_device_register() is deprecated. Please convert the driver to use hwmon_device_register_with_info().
[    0.687193] thermal LNXTHERM:00: registered as thermal_zone0
[    0.687194] ACPI: Thermal Zone [TZ00] (28 C)
[    0.687413] thermal LNXTHERM:01: registered as thermal_zone1
[    0.687413] ACPI: Thermal Zone [TZ01] (30 C)
[    0.687512] Serial: 8250/16550 driver, 32 ports, IRQ sharing enabled
[    0.707948] 00:08: ttyS0 at I/O 0x3f8 (irq = 4, base_baud = 115200) is a 16550A
[    0.709123] serial 0000:00:16.3: enabling device (0000 -> 0003)
[    0.729400] 0000:00:16.3: ttyS4 at I/O 0xf0e0 (irq = 19, base_baud = 115200) is a 16550A
[    0.729686] Linux agpgart interface v0.103
[    0.756441] tpm_tis 00:09: 1.2 TPM (device-id 0xB, rev-id 16)
[    0.890049] tpm tpm0: TPM is disabled/deactivated (0x7)
[    0.891718] loop: module loaded
[    0.891820] libphy: Fixed MDIO Bus: probed
[    0.891821] tun: Universal TUN/TAP device driver, 1.6
[    0.891845] PPP generic driver version 2.4.2
[    0.891874] ehci_hcd: USB 2.0 'Enhanced' Host Controller (EHCI) Driver
[    0.891876] ehci-pci: EHCI PCI platform driver
[    0.891957] ehci-pci 0000:00:1a.0: EHCI Host Controller
[    0.891961] ehci-pci 0000:00:1a.0: new USB bus registered, assigned bus number 1
[    0.891970] ehci-pci 0000:00:1a.0: debug port 2
[    0.895867] ehci-pci 0000:00:1a.0: cache line size of 64 is not supported
[    0.895879] ehci-pci 0000:00:1a.0: irq 16, io mem 0xf7c3c000
[    0.908016] ehci-pci 0000:00:1a.0: USB 2.0 started, EHCI 1.00
[    0.908042] usb usb1: New USB device found, idVendor=1d6b, idProduct=0002
[    0.908043] usb usb1: New USB device strings: Mfr=3, Product=2, SerialNumber=1
[    0.908044] usb usb1: Product: EHCI Host Controller
[    0.908044] usb usb1: Manufacturer: Linux 4.15.0-107-generic ehci_hcd
[    0.908045] usb usb1: SerialNumber: 0000:00:1a.0
[    0.908132] hub 1-0:1.0: USB hub found
[    0.908136] hub 1-0:1.0: 3 ports detected
[    0.908303] ehci-pci 0000:00:1d.0: EHCI Host Controller
[    0.908306] ehci-pci 0000:00:1d.0: new USB bus registered, assigned bus number 2
[    0.908315] ehci-pci 0000:00:1d.0: debug port 2
[    0.912224] ehci-pci 0000:00:1d.0: cache line size of 64 is not supported
[    0.912232] ehci-pci 0000:00:1d.0: irq 23, io mem 0xf7c3b000
[    0.928016] ehci-pci 0000:00:1d.0: USB 2.0 started, EHCI 1.00
[    0.928034] usb usb2: New USB device found, idVendor=1d6b, idProduct=0002
[    0.928035] usb usb2: New USB device strings: Mfr=3, Product=2, SerialNumber=1
[    0.928036] usb usb2: Product: EHCI Host Controller
[    0.928036] usb usb2: Manufacturer: Linux 4.15.0-107-generic ehci_hcd
[    0.928037] usb usb2: SerialNumber: 0000:00:1d.0
[    0.928114] hub 2-0:1.0: USB hub found
[    0.928117] hub 2-0:1.0: 3 ports detected
[    0.928210] ehci-platform: EHCI generic platform driver
[    0.928216] ohci_hcd: USB 1.1 'Open' Host Controller (OHCI) Driver
[    0.928217] ohci-pci: OHCI PCI platform driver
[    0.928222] ohci-platform: OHCI generic platform driver
[    0.928228] uhci_hcd: USB Universal Host Controller Interface driver
[    0.928303] xhci_hcd 0000:00:14.0: xHCI Host Controller
[    0.928306] xhci_hcd 0000:00:14.0: new USB bus registered, assigned bus number 3
[    0.929375] xhci_hcd 0000:00:14.0: hcc params 0x200077c1 hci version 0x100 quirks 0x0000000000009810
[    0.929378] xhci_hcd 0000:00:14.0: cache line size of 64 is not supported
[    0.929476] usb usb3: New USB device found, idVendor=1d6b, idProduct=0002
[    0.929477] usb usb3: New USB device strings: Mfr=3, Product=2, SerialNumber=1
[    0.929478] usb usb3: Product: xHCI Host Controller
[    0.929478] usb usb3: Manufacturer: Linux 4.15.0-107-generic xhci-hcd
[    0.929479] usb usb3: SerialNumber: 0000:00:14.0
[    0.929556] hub 3-0:1.0: USB hub found
[    0.929571] hub 3-0:1.0: 15 ports detected
[    0.932327] xhci_hcd 0000:00:14.0: xHCI Host Controller
[    0.932330] xhci_hcd 0000:00:14.0: new USB bus registered, assigned bus number 4
[    0.932331] xhci_hcd 0000:00:14.0: Host supports USB 3.0  SuperSpeed
[    0.932358] usb usb4: New USB device found, idVendor=1d6b, idProduct=0003
[    0.932359] usb usb4: New USB device strings: Mfr=3, Product=2, SerialNumber=1
[    0.932359] usb usb4: Product: xHCI Host Controller
[    0.932360] usb usb4: Manufacturer: Linux 4.15.0-107-generic xhci-hcd
[    0.932360] usb usb4: SerialNumber: 0000:00:14.0
[    0.932435] hub 4-0:1.0: USB hub found
[    0.932446] hub 4-0:1.0: 6 ports detected
[    0.932801] usb: port power management may be unreliable
[    0.933013] i8042: PNP: PS/2 Controller [PNP0303:PS2K,PNP0f03:PS2M] at 0x60,0x64 irq 1,12
[    0.935628] serio: i8042 KBD port at 0x60,0x64 irq 1
[    0.935630] serio: i8042 AUX port at 0x60,0x64 irq 12
[    0.935770] mousedev: PS/2 mouse device common for all mice
[    0.935877] rtc_cmos 00:02: RTC can wake from S4
[    0.935978] rtc_cmos 00:02: rtc core: registered rtc_cmos as rtc0
[    0.936009] rtc_cmos 00:02: alarms up to one month, y3k, 242 bytes nvram, hpet irqs
[    0.936014] i2c /dev entries driver
[    0.936041] device-mapper: uevent: version 1.0.3
[    0.936091] device-mapper: ioctl: 4.37.0-ioctl (2017-09-20) initialised: dm-devel@redhat.com
[    0.936095] intel_pstate: Intel P-state driver initializing
[    0.936521] ledtrig-cpu: registered to indicate activity on CPUs
[    0.936523] EFI Variables Facility v0.08 2004-May-17
[    0.948706] NET: Registered protocol family 10
[    0.951559] Segment Routing with IPv6
[    0.951573] NET: Registered protocol family 17
[    0.951604] Key type dns_resolver registered
[    0.951881] mce: Using 9 MCE banks
[    0.951889] RAS: Correctable Errors collector initialized.
[    0.951913] microcode: sig=0x306c3, pf=0x2, revision=0x28
[    0.951981] microcode: Microcode Update Driver: v2.2.
[    0.951987] sched_clock: Marking stable (951977694, 0)->(997867081, -45889387)
[    0.952166] registered taskstats version 1
[    0.952172] Loading compiled-in X.509 certificates
[    0.953842] Loaded X.509 cert 'Build time autogenerated kernel key: 78bab7a69e5d92c29397300bbf2844996747944b'
[    0.954138] Loaded UEFI:db cert 'Microsoft Corporation UEFI CA 2011: 13adbf4309bd82709c8cd54f316ed522988a1bd4' linked to secondary sys keyring
[    0.954149] Loaded UEFI:db cert 'Microsoft Windows Production PCA 2011: a92902398e16c49778cd90f99e4f9ae17c55af53' linked to secondary sys keyring
[    0.954161] Loaded UEFI:db cert 'Hewlett-Packard UEFI Secure Boot DB Key: e7203ac28b848d3c03432f6a485dd1f4c7b8e529' linked to secondary sys keyring
[    0.954269] Couldn't get size: 0x800000000000000e
[    0.954271] MODSIGN: Couldn't get UEFI MokListRT
[    0.954690] zswap: loaded using pool lzo/zbud
[    0.957105] Key type big_key registered
[    0.957108] Key type trusted registered
[    0.958446] Key type encrypted registered
[    0.958448] AppArmor: AppArmor sha1 policy hashing enabled
[    0.985129] ima: No TPM chip found, activating TPM-bypass! (rc=7)
[    0.985133] ima: Allocated hash algorithm: sha1
[    0.985146] evm: HMAC attrs: 0x1
[    0.985355]   Magic number: 12:742:718
[    0.985483] rtc_cmos 00:02: setting system clock to 2020-07-07 05:43:11 UTC (1594100591)
[    0.985546] BIOS EDD facility v0.16 2004-Jun-25, 0 devices found
[    0.985547] EDD information not available.
[    1.234946] Freeing unused kernel image memory: 2432K
[    1.244058] usb 1-1: new high-speed USB device number 2 using ehci-pci
[    1.264059] Write protecting the kernel read-only data: 20480k
[    1.264062] usb 2-1: new high-speed USB device number 2 using ehci-pci
[    1.264929] Freeing unused kernel image memory: 2008K
[    1.265151] Freeing unused kernel image memory: 1924K
[    1.268007] usb 3-2: new high-speed USB device number 2 using xhci_hcd
[    1.270616] x86/mm: Checked W+X mappings: passed, no W+X pages found.
[    1.270617] x86/mm: Checking user space page tables
[    1.275609] x86/mm: Checked W+X mappings: passed, no W+X pages found.
[    1.283303] random: systemd-udevd: uninitialized urandom read (16 bytes read)
[    1.283371] random: systemd-udevd: uninitialized urandom read (16 bytes read)
[    1.283380] random: systemd-udevd: uninitialized urandom read (16 bytes read)
[    1.336184] pps_core: LinuxPPS API ver. 1 registered
[    1.336185] pps_core: Software ver. 5.3.6 - Copyright 2005-2007 Rodolfo Giometti <giometti@linux.it>
[    1.336946] PTP clock support registered
[    1.339368] ahci 0000:00:1f.2: version 3.0
[    1.339579] ahci 0000:00:1f.2: AHCI 0001.0300 32 slots 5 ports 6 Gbps 0x25 impl SATA mode
[    1.339581] ahci 0000:00:1f.2: flags: 64bit ncq pm led clo pio slum part ems apst 
[    1.340433] e1000e: Intel(R) PRO/1000 Network Driver - 3.2.6-k
[    1.340433] e1000e: Copyright(c) 1999 - 2015 Intel Corporation.
[    1.364445] scsi host0: ahci
[    1.364568] scsi host1: ahci
[    1.364623] scsi host2: ahci
[    1.364676] scsi host3: ahci
[    1.364737] scsi host4: ahci
[    1.364820] scsi host5: ahci
[    1.364841] ata1: SATA max UDMA/133 abar m2048@0xf7c3a000 port 0xf7c3a100 irq 27
[    1.364841] ata2: DUMMY
[    1.364843] ata3: SATA max UDMA/133 abar m2048@0xf7c3a000 port 0xf7c3a200 irq 27
[    1.364844] ata4: DUMMY
[    1.364844] ata5: DUMMY
[    1.364846] ata6: SATA max UDMA/133 abar m2048@0xf7c3a000 port 0xf7c3a380 irq 27
[    1.365006] e1000e 0000:00:19.0: Interrupt Throttling Rate (ints/sec) set to dynamic conservative mode
[    1.408295] usb 1-1: New USB device found, idVendor=8087, idProduct=8008
[    1.408296] usb 1-1: New USB device strings: Mfr=0, Product=0, SerialNumber=0
[    1.408440] hub 1-1:1.0: USB hub found
[    1.408543] hub 1-1:1.0: 6 ports detected
[    1.420402] usb 2-1: New USB device found, idVendor=8087, idProduct=8000
[    1.420403] usb 2-1: New USB device strings: Mfr=0, Product=0, SerialNumber=0
[    1.420540] hub 2-1:1.0: USB hub found
[    1.420652] hub 2-1:1.0: 8 ports detected
[    1.438965] usb 3-2: New USB device found, idVendor=05e3, idProduct=0610
[    1.438966] usb 3-2: New USB device strings: Mfr=1, Product=2, SerialNumber=0
[    1.438966] usb 3-2: Product: USB2.1 Hub
[    1.438967] usb 3-2: Manufacturer: GenesysLogic
[    1.442308] hub 3-2:1.0: USB hub found
[    1.443619] e1000e 0000:00:19.0 0000:00:19.0 (uninitialized): registered PHC clock
[    1.446421] hub 3-2:1.0: 4 ports detected
[    1.509401] e1000e 0000:00:19.0 eth0: (PCI Express:2.5GT/s:Width x1) 8c:dc:d4:25:8b:f8
[    1.509402] e1000e 0000:00:19.0 eth0: Intel(R) PRO/1000 Network Connection
[    1.509451] e1000e 0000:00:19.0 eth0: MAC: 11, PHY: 12, PBA No: FFFFFF-0FF
[    1.509803] [drm] Memory usable by graphics device = 2048M
[    1.509805] checking generic (e0000000 1e0000) vs hw (e0000000 10000000)
[    1.509805] fb: switching to inteldrmfb from EFI VGA
[    1.509820] Console: switching to colour dummy device 80x25
[    1.509883] [drm] Replacing VGA console driver
[    1.515104] [drm] Supports vblank timestamp caching Rev 2 (21.10.2013).
[    1.515105] [drm] Driver supports precise vblank timestamp query.
[    1.517166] i915 0000:00:02.0: vgaarb: changed VGA decodes: olddecodes=io+mem,decodes=io+mem:owns=io+mem
[    1.518490] ------------[ cut here ]------------
[    1.518491] Could not determine valid watermarks for inherited state
[    1.518537] WARNING: CPU: 2 PID: 206 at /build/linux-hwe-3HTolK/linux-hwe-4.15.0/drivers/gpu/drm/i915/intel_display.c:14537 intel_modeset_init+0x1011/0x10d0 [i915]
[    1.518537] Modules linked in: i915(+) i2c_algo_bit drm_kms_helper syscopyarea sysfillrect sysimgblt fb_sys_fops psmouse drm e1000e ahci libahci ptp pps_core wmi video
[    1.518543] CPU: 2 PID: 206 Comm: systemd-udevd Not tainted 4.15.0-107-generic #108~16.04.1-Ubuntu
[    1.518544] Hardware name: Hewlett-Packard HP EliteDesk 800 G1 TWR/18E4, BIOS L01 v02.53 10/20/2014
[    1.518572] RIP: 0010:intel_modeset_init+0x1011/0x10d0 [i915]
[    1.518572] RSP: 0018:ffffae408391f998 EFLAGS: 00010282
[    1.518573] RAX: 0000000000000000 RBX: ffff9b76fa107c00 RCX: ffffffffa9063b28
[    1.518574] RDX: 0000000000000001 RSI: 0000000000000092 RDI: 0000000000000202
[    1.518574] RBP: ffffae408391fa40 R08: 000000000000fcd8 R09: ffffffffa955f4c4
[    1.518575] R10: 0000000000000000 R11: 000000000000032c R12: ffff9b76ee940000
[    1.518575] R13: ffff9b76eea0cc00 R14: ffff9b76eea0d400 R15: ffff9b76ee940358
[    1.518576] FS:  00007ff865cd58c0(0000) GS:ffff9b771ea80000(0000) knlGS:0000000000000000
[    1.518577] CS:  0010 DS: 0000 ES: 0000 CR0: 0000000080050033
[    1.518577] CR2: 00007ff864e115a8 CR3: 00000007eef10004 CR4: 00000000001606e0
[    1.518578] Call Trace:
[    1.518603]  i915_driver_load+0x9aa/0xe70 [i915]
[    1.518625]  i915_pci_probe+0x4e/0x70 [i915]
[    1.518627]  local_pci_probe+0x4a/0xa0
[    1.518629]  pci_device_probe+0x118/0x1c0
[    1.518631]  driver_probe_device+0x2ea/0x4b0
[    1.518632]  __driver_attach+0xef/0x100
[    1.518634]  ? driver_probe_device+0x4b0/0x4b0
[    1.518635]  bus_for_each_dev+0x72/0xc0
[    1.518636]  driver_attach+0x1e/0x20
[    1.518637]  bus_add_driver+0x1f4/0x270
[    1.518638]  ? 0xffffffffc07ab000
[    1.518639]  driver_register+0x60/0xe0
[    1.518640]  ? 0xffffffffc07ab000
[    1.518641]  __pci_register_driver+0x5a/0x60
[    1.518666]  i915_init+0x5c/0x5f [i915]
[    1.518668]  do_one_initcall+0x55/0x1ac
[    1.518670]  ? __vunmap+0x8e/0xc0
[    1.518672]  ? _cond_resched+0x1a/0x50
[    1.518674]  ? kmem_cache_alloc_trace+0x165/0x1c0
[    1.518675]  ? kfree+0x180/0x190
[    1.518677]  do_init_module+0x5f/0x223
[    1.518679]  load_module+0x188c/0x1ea0
[    1.518683]  ? ima_post_read_file+0x83/0xa0
[    1.518684]  SYSC_finit_module+0xe5/0x120
[    1.518686]  ? SYSC_finit_module+0xe5/0x120
[    1.518687]  SyS_finit_module+0xe/0x10
[    1.518689]  do_syscall_64+0x73/0x130
[    1.518691]  entry_SYSCALL_64_after_hwframe+0x41/0xa6
[    1.518692] RIP: 0033:0x7ff864b4a4d9
[    1.518692] RSP: 002b:00007ffeae4fd278 EFLAGS: 00000246 ORIG_RAX: 0000000000000139
[    1.518693] RAX: ffffffffffffffda RBX: 0000564fecddfa70 RCX: 00007ff864b4a4d9
[    1.518693] RDX: 0000000000000000 RSI: 00007ff865040e23 RDI: 0000000000000012
[    1.518694] RBP: 00007ff865040e23 R08: 0000000000000000 R09: 0000000000000000
[    1.518694] R10: 0000000000000012 R11: 0000000000000246 R12: 0000000000000000
[    1.518695] R13: 0000564fecdb6c00 R14: 0000000000020000 R15: 000000000aba9500
[    1.518696] Code: 84 24 a0 2e 00 00 83 e0 ef 09 c3 41 88 9c 24 a0 2e 00 00 e9 7f f1 ff ff 31 c0 e9 e4 f6 ff ff 48 c7 c7 b0 f8 74 c0 e8 3f 4b 5e e7 <0f> 0b e9 c7 fd ff ff 41 8b 8f b0 04 00 00 48 c7 c2 88 f8 74 c0 
[    1.518705] ---[ end trace c8bc989dfbe71bcc ]---
[    1.520707] [drm] Initialized i915 1.6.0 20171023 for 0000:00:02.0 on minor 0
[    1.520827] [Firmware Bug]: Duplicate ACPI video bus devices for the same VGA controller, please try module parameter "video.allow_duplicates=1"if the current driver doesn't work.
[    1.524659] e1000e 0000:00:19.0 eno1: renamed from eth0
[    1.552091] usb 4-2: new SuperSpeed USB device number 2 using xhci_hcd
[    1.574604] usb 4-2: New USB device found, idVendor=05e3, idProduct=0620
[    1.574605] usb 4-2: New USB device strings: Mfr=1, Product=2, SerialNumber=0
[    1.574606] usb 4-2: Product: USB3.1 Hub
[    1.574607] usb 4-2: Manufacturer: GenesysLogic
[    1.575635] hub 4-2:1.0: USB hub found
[    1.575903] hub 4-2:1.0: 4 ports detected
[    1.622429] random: fast init done
[    1.678217] ata3: SATA link up 1.5 Gbps (SStatus 113 SControl 300)
[    1.682211] ata1: SATA link up 6.0 Gbps (SStatus 133 SControl 300)
[    1.682225] ata6: SATA link up 6.0 Gbps (SStatus 133 SControl 300)
[    1.683005] ata3.00: ATAPI: hp       CDDVDW SN-208FB, HJ10, max UDMA/100
[    1.685620] ata3.00: configured for UDMA/100
[    1.695081] ata6.00: ACPI cmd ef/10:06:00:00:00:00 (SET FEATURES) succeeded
[    1.695083] ata6.00: ACPI cmd f5/00:00:00:00:00:00 (SECURITY FREEZE LOCK) filtered out
[    1.695085] ata6.00: ACPI cmd b1/c1:00:00:00:00:00 (DEVICE CONFIGURATION OVERLAY) filtered out
[    1.695991] tsc: Refined TSC clocksource calibration: 3392.144 MHz
[    1.695997] clocksource: tsc: mask: 0xffffffffffffffff max_cycles: 0x30e5517d4e4, max_idle_ns: 440795261668 ns
[    1.719754] ata1.00: ATA-10: ST4000DM004-2CV104, 0001, max UDMA/133
[    1.719755] ata1.00: 7814037168 sectors, multi 16: LBA48 NCQ (depth 31/32), AA
[    1.734788] ata6.00: ATA-10: ST8000DM004-2CX188, 0001, max UDMA/133
[    1.734789] ata6.00: 15628053168 sectors, multi 16: LBA48 NCQ (depth 31/32), AA
[    1.760412] ata6.00: ACPI cmd ef/10:06:00:00:00:00 (SET FEATURES) succeeded
[    1.760413] ata6.00: ACPI cmd f5/00:00:00:00:00:00 (SECURITY FREEZE LOCK) filtered out
[    1.760414] ata6.00: ACPI cmd b1/c1:00:00:00:00:00 (DEVICE CONFIGURATION OVERLAY) filtered out
[    1.769660] ata1.00: configured for UDMA/133
[    1.769872] scsi 0:0:0:0: Direct-Access     ATA      ST4000DM004-2CV1 0001 PQ: 0 ANSI: 5
[    1.770053] sd 0:0:0:0: Attached scsi generic sg0 type 0
[    1.770087] sd 0:0:0:0: [sda] 7814037168 512-byte logical blocks: (4.00 TB/3.64 TiB)
[    1.770089] sd 0:0:0:0: [sda] 4096-byte physical blocks
[    1.770108] sd 0:0:0:0: [sda] Write Protect is off
[    1.770109] sd 0:0:0:0: [sda] Mode Sense: 00 3a 00 00
[    1.770143] sd 0:0:0:0: [sda] Write cache: enabled, read cache: enabled, doesn't support DPO or FUA
[    1.772883] scsi 2:0:0:0: CD-ROM            hp       CDDVDW SN-208FB  HJ10 PQ: 0 ANSI: 5
[    1.787988] usb 3-2.1: new high-speed USB device number 3 using xhci_hcd
[    1.800098] ata6.00: configured for UDMA/133
[    1.821796]  sda: sda1 sda2 sda3
[    1.822134] sd 0:0:0:0: [sda] Attached SCSI disk
[    1.832469] sr 2:0:0:0: [sr0] scsi3-mmc drive: 24x/24x writer dvd-ram cd/rw xa/form2 cdda tray
[    1.832470] cdrom: Uniform CD-ROM driver Revision: 3.20
[    1.832552] sr 2:0:0:0: Attached scsi CD-ROM sr0
[    1.832604] sr 2:0:0:0: Attached scsi generic sg1 type 5
[    1.832720] scsi 5:0:0:0: Direct-Access     ATA      ST8000DM004-2CX1 0001 PQ: 0 ANSI: 5
[    1.832817] sd 5:0:0:0: [sdb] 15628053168 512-byte logical blocks: (8.00 TB/7.28 TiB)
[    1.832818] sd 5:0:0:0: [sdb] 4096-byte physical blocks
[    1.832824] sd 5:0:0:0: [sdb] Write Protect is off
[    1.832824] sd 5:0:0:0: [sdb] Mode Sense: 00 3a 00 00
[    1.832829] sd 5:0:0:0: Attached scsi generic sg2 type 0
[    1.832833] sd 5:0:0:0: [sdb] Write cache: enabled, read cache: enabled, doesn't support DPO or FUA
[    1.843122] sd 5:0:0:0: [sdb] Attached SCSI disk
[    1.914395] usb 3-2.1: New USB device found, idVendor=05e3, idProduct=0610
[    1.914397] usb 3-2.1: New USB device strings: Mfr=1, Product=2, SerialNumber=0
[    1.914398] usb 3-2.1: Product: USB2.1 Hub
[    1.914399] usb 3-2.1: Manufacturer: GenesysLogic
[    1.914884] hub 3-2.1:1.0: USB hub found
[    1.915115] hub 3-2.1:1.0: 4 ports detected
[    1.983257] fbcon: inteldrmfb (fb0) is primary device
[    1.983304] Console: switching to colour frame buffer device 240x75
[    1.983324] i915 0000:00:02.0: fb0: inteldrmfb frame buffer device
[    1.992186] usb 4-2.1: new SuperSpeed USB device number 3 using xhci_hcd
[    2.018975] usb 4-2.1: New USB device found, idVendor=05e3, idProduct=0620
[    2.018977] usb 4-2.1: New USB device strings: Mfr=1, Product=2, SerialNumber=0
[    2.018978] usb 4-2.1: Product: USB3.1 Hub
[    2.018978] usb 4-2.1: Manufacturer: GenesysLogic
[    2.043745] hub 4-2.1:1.0: USB hub found
[    2.044737] hub 4-2.1:1.0: 4 ports detected
[    2.120030] usb 3-2.3: new low-speed USB device number 4 using xhci_hcd
[    2.254497] usb 3-2.3: New USB device found, idVendor=04b4, idProduct=ef0f
[    2.254498] usb 3-2.3: New USB device strings: Mfr=1, Product=2, SerialNumber=0
[    2.254499] usb 3-2.3: Product: HID Keyboard
[    2.254499] usb 3-2.3: Manufacturer: HID Keyboard
[    2.263226] hidraw: raw HID events driver (C) Jiri Kosina
[    2.275811] usbcore: registered new interface driver usbhid
[    2.275811] usbhid: USB HID core driver
[    2.276962] input: HID Keyboard HID Keyboard as /devices/pci0000:00/0000:00:14.0/usb3/3-2/3-2.3/3-2.3:1.0/0003:04B4:EF0F.0001/input/input5
[    2.336109] hid-generic 0003:04B4:EF0F.0001: input,hidraw0: USB HID v1.11 Keyboard [HID Keyboard HID Keyboard] on usb-0000:00:14.0-2.3/input0
[    2.336241] input: HID Keyboard HID Keyboard as /devices/pci0000:00/0000:00:14.0/usb3/3-2/3-2.3/3-2.3:1.1/0003:04B4:EF0F.0002/input/input6
[    2.352040] usb 3-2.1.2: new low-speed USB device number 5 using xhci_hcd
[    2.396250] hid-generic 0003:04B4:EF0F.0002: input,hidraw1: USB HID v1.11 Keyboard [HID Keyboard HID Keyboard] on usb-0000:00:14.0-2.3/input1
[    2.482032] usb 3-2.1.2: New USB device found, idVendor=1a81, idProduct=1004
[    2.482034] usb 3-2.1.2: New USB device strings: Mfr=1, Product=2, SerialNumber=0
[    2.482034] usb 3-2.1.2: Product: Wireless Dongle
[    2.482035] usb 3-2.1.2: Manufacturer: G-Tech
[    2.485337] input: G-Tech Wireless Dongle as /devices/pci0000:00/0000:00:14.0/usb3/3-2/3-2.1/3-2.1.2/3-2.1.2:1.0/0003:1A81:1004.0003/input/input7
[    2.544114] hid-generic 0003:1A81:1004.0003: input,hidraw2: USB HID v1.11 Keyboard [G-Tech Wireless Dongle] on usb-0000:00:14.0-2.1.2/input0
[    2.550483] input: G-Tech Wireless Dongle as /devices/pci0000:00/0000:00:14.0/usb3/3-2/3-2.1/3-2.1.2/3-2.1.2:1.1/0003:1A81:1004.0004/input/input8
[    2.608224] hid-generic 0003:1A81:1004.0004: input,hiddev0,hidraw3: USB HID v1.11 Mouse [G-Tech Wireless Dongle] on usb-0000:00:14.0-2.1.2/input1
[    2.637276] EXT4-fs (sda2): mounted filesystem with ordered data mode. Opts: (null)
[    2.720231] clocksource: Switched to clocksource tsc
[    3.896044] random: crng init done
[    3.896046] random: 7 urandom warning(s) missed due to ratelimiting
[    4.103215] systemd[1]: systemd 229 running in system mode. (+PAM +AUDIT +SELINUX +IMA +APPARMOR +SMACK +SYSVINIT +UTMP +LIBCRYPTSETUP +GCRYPT +GNUTLS +ACL +XZ -LZ4 +SECCOMP +BLKID +ELFUTILS +KMOD -IDN)
[    4.120094] systemd[1]: Detected architecture x86-64.
[    4.178393] systemd[1]: Set hostname to <Petrus>.
[    5.289082] systemd[1]: Set up automount Arbitrary Executable File Formats File System Automount Point.
[    5.289130] systemd[1]: Listening on udev Kernel Socket.
[    5.289137] systemd[1]: Reached target Remote File Systems (Pre).
[    5.289168] systemd[1]: Listening on Journal Socket (/dev/log).
[    5.289194] systemd[1]: Listening on udev Control Socket.
[    5.289207] systemd[1]: Listening on fsck to fsckd communication Socket.
[    5.289270] systemd[1]: Created slice User and Session Slice.
[    5.884396] lp: driver loaded but no devices found
[    5.887558] ppdev: user-space parallel port driver
[    6.110749] EXT4-fs (sda2): re-mounted. Opts: errors=remount-ro
[    6.212476] nf_conntrack version 0.5.0 (65536 buckets, 262144 max)
[    8.217385] systemd-journald[313]: Received request to flush runtime journal from PID 1
[   12.329088] shpchp: Standard Hot Plug PCI Controller Driver version: 0.4
[   12.329664] ACPI Warning: SystemIO range 0x0000000000000428-0x000000000000042F conflicts with OpRegion 0x0000000000000400-0x000000000000047F (\PMIO) (20170831/utaddress-247)
[   12.329669] ACPI Warning: SystemIO range 0x0000000000000428-0x000000000000042F conflicts with OpRegion 0x0000000000000400-0x000000000000047F (\PMIO) (20170831/utaddress-247)
[   12.329674] ACPI: If an ACPI driver is available for this device, you should use it instead of the native driver
[   12.329677] ACPI Warning: SystemIO range 0x0000000000000540-0x000000000000054F conflicts with OpRegion 0x0000000000000500-0x00000000000008FF (\GPR) (20170831/utaddress-247)
[   12.329680] ACPI Warning: SystemIO range 0x0000000000000540-0x000000000000054F conflicts with OpRegion 0x0000000000000500-0x00000000000008FF (\GPR) (20170831/utaddress-247)
[   12.329683] ACPI: If an ACPI driver is available for this device, you should use it instead of the native driver
[   12.329684] ACPI Warning: SystemIO range 0x0000000000000530-0x000000000000053F conflicts with OpRegion 0x0000000000000500-0x000000000000053F (\GPRL) (20170831/utaddress-247)
[   12.329687] ACPI Warning: SystemIO range 0x0000000000000530-0x000000000000053F conflicts with OpRegion 0x0000000000000500-0x000000000000053F (\GPRL) (20170831/utaddress-247)
[   12.329689] ACPI Warning: SystemIO range 0x0000000000000530-0x000000000000053F conflicts with OpRegion 0x0000000000000500-0x00000000000008FF (\GPR) (20170831/utaddress-247)
[   12.329692] ACPI Warning: SystemIO range 0x0000000000000530-0x000000000000053F conflicts with OpRegion 0x0000000000000500-0x00000000000008FF (\GPR) (20170831/utaddress-247)
[   12.329694] ACPI: If an ACPI driver is available for this device, you should use it instead of the native driver
[   12.329695] ACPI Warning: SystemIO range 0x0000000000000500-0x000000000000052F conflicts with OpRegion 0x0000000000000500-0x000000000000053F (\GPRL) (20170831/utaddress-247)
[   12.329698] ACPI Warning: SystemIO range 0x0000000000000500-0x000000000000052F conflicts with OpRegion 0x0000000000000500-0x000000000000053F (\GPRL) (20170831/utaddress-247)
[   12.329701] ACPI Warning: SystemIO range 0x0000000000000500-0x000000000000052F conflicts with OpRegion 0x0000000000000500-0x00000000000008FF (\GPR) (20170831/utaddress-247)
[   12.329703] ACPI Warning: SystemIO range 0x0000000000000500-0x000000000000052F conflicts with OpRegion 0x0000000000000500-0x00000000000008FF (\GPR) (20170831/utaddress-247)
[   12.329706] ACPI: If an ACPI driver is available for this device, you should use it instead of the native driver
[   12.329707] lpc_ich: Resource conflict(s) found affecting gpio_ich
[   12.372697] RAPL PMU: API unit is 2^-32 Joules, 4 fixed counters, 655360 ms ovfl timer
[   12.372699] RAPL PMU: hw unit of domain pp0-core 2^-14 Joules
[   12.372699] RAPL PMU: hw unit of domain package 2^-14 Joules
[   12.372700] RAPL PMU: hw unit of domain dram 2^-14 Joules
[   12.372700] RAPL PMU: hw unit of domain pp1-gpu 2^-14 Joules
[   12.382056] AVX2 version of gcm_enc/dec engaged.
[   12.382057] AES CTR mode by8 optimization enabled
[   12.389110] input: HP WMI hotkeys as /devices/virtual/input/input9
[   12.404189] snd_hda_intel 0000:00:03.0: enabling device (0100 -> 0102)
[   12.404341] snd_hda_intel 0000:00:03.0: bound 0000:00:02.0 (ops i915_audio_component_bind_ops [i915])
[   12.404399] snd_hda_intel 0000:00:1b.0: enabling device (0100 -> 0102)
[   12.443929] snd_hda_codec_realtek hdaudioC1D0: autoconfig for ALC221: line_outs=1 (0x14/0x0/0x0/0x0/0x0) type:line
[   12.443931] snd_hda_codec_realtek hdaudioC1D0:    speaker_outs=1 (0x17/0x0/0x0/0x0/0x0)
[   12.443932] snd_hda_codec_realtek hdaudioC1D0:    hp_outs=1 (0x21/0x0/0x0/0x0/0x0)
[   12.443933] snd_hda_codec_realtek hdaudioC1D0:    mono: mono_out=0x0
[   12.443934] snd_hda_codec_realtek hdaudioC1D0:    inputs:
[   12.443935] snd_hda_codec_realtek hdaudioC1D0:      Mic=0x1a
[   12.443937] snd_hda_codec_realtek hdaudioC1D0:      Line=0x1b
[   12.452336] intel_rapl: Found RAPL domain package
[   12.452337] intel_rapl: Found RAPL domain core
[   12.452338] intel_rapl: Found RAPL domain uncore
[   12.452339] intel_rapl: Found RAPL domain dram
[   12.452341] intel_rapl: RAPL package 0 domain package locked by BIOS
[   12.452344] intel_rapl: RAPL package 0 domain dram locked by BIOS
[   12.501627] input: HDA Intel PCH Mic as /devices/pci0000:00/0000:00:1b.0/sound/card1/input10
[   12.501681] input: HDA Intel PCH Line as /devices/pci0000:00/0000:00:1b.0/sound/card1/input11
[   12.501721] input: HDA Intel PCH Line Out as /devices/pci0000:00/0000:00:1b.0/sound/card1/input12
[   12.501757] input: HDA Intel PCH Front Headphone as /devices/pci0000:00/0000:00:1b.0/sound/card1/input13
[   12.502589] input: HDA Intel HDMI HDMI/DP,pcm=3 as /devices/pci0000:00/0000:00:03.0/sound/card0/input14
[   12.502634] input: HDA Intel HDMI HDMI/DP,pcm=7 as /devices/pci0000:00/0000:00:03.0/sound/card0/input15
[   12.502678] input: HDA Intel HDMI HDMI/DP,pcm=8 as /devices/pci0000:00/0000:00:03.0/sound/card0/input16
[   12.502725] input: HDA Intel HDMI HDMI/DP,pcm=9 as /devices/pci0000:00/0000:00:03.0/sound/card0/input17
[   12.502766] input: HDA Intel HDMI HDMI/DP,pcm=10 as /devices/pci0000:00/0000:00:03.0/sound/card0/input18
[   13.571574] Adding 1000444k swap on /dev/sda3.  Priority:-2 extents:1 across:1000444k FS
[   13.666621] EXT4-fs (sdb): mounted filesystem with ordered data mode. Opts: errors=remount-ro
[   15.104679] audit: type=1400 audit(1594100605.614:2): apparmor="STATUS" operation="profile_load" profile="unconfined" name="/usr/sbin/ippusbxd" pid=781 comm="apparmor_parser"
[   15.104853] audit: type=1400 audit(1594100605.614:3): apparmor="STATUS" operation="profile_load" profile="unconfined" name="/usr/sbin/cups-browsed" pid=779 comm="apparmor_parser"
[   15.105570] audit: type=1400 audit(1594100605.614:4): apparmor="STATUS" operation="profile_load" profile="unconfined" name="/sbin/dhclient" pid=774 comm="apparmor_parser"
[   15.105572] audit: type=1400 audit(1594100605.614:5): apparmor="STATUS" operation="profile_load" profile="unconfined" name="/usr/lib/NetworkManager/nm-dhcp-client.action" pid=774 comm="apparmor_parser"
[   15.105574] audit: type=1400 audit(1594100605.614:6): apparmor="STATUS" operation="profile_load" profile="unconfined" name="/usr/lib/NetworkManager/nm-dhcp-helper" pid=774 comm="apparmor_parser"
[   15.105575] audit: type=1400 audit(1594100605.614:7): apparmor="STATUS" operation="profile_load" profile="unconfined" name="/usr/lib/connman/scripts/dhclient-script" pid=774 comm="apparmor_parser"
[   15.106295] audit: type=1400 audit(1594100605.614:8): apparmor="STATUS" operation="profile_load" profile="unconfined" name="/usr/sbin/tcpdump" pid=783 comm="apparmor_parser"
[   15.106515] audit: type=1400 audit(1594100605.614:9): apparmor="STATUS" operation="profile_load" profile="unconfined" name="/usr/lib/cups/backend/cups-pdf" pid=780 comm="apparmor_parser"
[   15.106516] audit: type=1400 audit(1594100605.614:10): apparmor="STATUS" operation="profile_load" profile="unconfined" name="/usr/sbin/cupsd" pid=780 comm="apparmor_parser"
[   15.106518] audit: type=1400 audit(1594100605.614:11): apparmor="STATUS" operation="profile_load" profile="unconfined" name="/usr/sbin/cupsd//third_party" pid=780 comm="apparmor_parser"
[   17.452446] IPv6: ADDRCONF(NETDEV_UP): eno1: link is not ready
[   17.640158] IPv6: ADDRCONF(NETDEV_UP): eno1: link is not ready
[   21.698216] e1000e: eno1 NIC Link is Up 1000 Mbps Full Duplex, Flow Control: Rx/Tx
[   21.698251] IPv6: ADDRCONF(NETDEV_CHANGE): eno1: link becomes ready
[  262.916011] usb 3-2.3: USB disconnect, device number 4
[  382.979925] usb 3-2.1.2: USB disconnect, device number 5
[  991.491403] usb 3-2.1.2: new low-speed USB device number 6 using xhci_hcd
[  991.622364] usb 3-2.1.2: New USB device found, idVendor=04b4, idProduct=ef0f
[  991.622367] usb 3-2.1.2: New USB device strings: Mfr=1, Product=2, SerialNumber=0
[  991.622368] usb 3-2.1.2: Product: HID Keyboard
[  991.622369] usb 3-2.1.2: Manufacturer: HID Keyboard
[  991.631594] input: HID Keyboard HID Keyboard as /devices/pci0000:00/0000:00:14.0/usb3/3-2/3-2.1/3-2.1.2/3-2.1.2:1.0/0003:04B4:EF0F.0005/input/input19
[  991.691577] hid-generic 0003:04B4:EF0F.0005: input,hidraw0: USB HID v1.11 Keyboard [HID Keyboard HID Keyboard] on usb-0000:00:14.0-2.1.2/input0
[  991.701447] input: HID Keyboard HID Keyboard as /devices/pci0000:00/0000:00:14.0/usb3/3-2/3-2.1/3-2.1.2/3-2.1.2:1.1/0003:04B4:EF0F.0006/input/input20
[  991.759505] hid-generic 0003:04B4:EF0F.0006: input,hidraw1: USB HID v1.11 Keyboard [HID Keyboard HID Keyboard] on usb-0000:00:14.0-2.1.2/input1
[ 1025.530537] usb 3-2.1.3: new low-speed USB device number 7 using xhci_hcd
[ 1025.660496] usb 3-2.1.3: New USB device found, idVendor=1a81, idProduct=1004
[ 1025.660499] usb 3-2.1.3: New USB device strings: Mfr=1, Product=2, SerialNumber=0
[ 1025.660500] usb 3-2.1.3: Product: Wireless Dongle
[ 1025.660501] usb 3-2.1.3: Manufacturer: G-Tech
[ 1025.663988] input: G-Tech Wireless Dongle as /devices/pci0000:00/0000:00:14.0/usb3/3-2/3-2.1/3-2.1.3/3-2.1.3:1.0/0003:1A81:1004.0007/input/input21
[ 1025.723200] hid-generic 0003:1A81:1004.0007: input,hidraw2: USB HID v1.11 Keyboard [G-Tech Wireless Dongle] on usb-0000:00:14.0-2.1.3/input0
[ 1025.729800] input: G-Tech Wireless Dongle as /devices/pci0000:00/0000:00:14.0/usb3/3-2/3-2.1/3-2.1.3/3-2.1.3:1.1/0003:1A81:1004.0008/input/input22
[ 1025.788309] hid-generic 0003:1A81:1004.0008: input,hiddev0,hidraw3: USB HID v1.11 Mouse [G-Tech Wireless Dongle] on usb-0000:00:14.0-2.1.3/input1
[ 1238.128397] powercap intel-rapl:0: package locked by BIOS, monitoring only
[ 1960.351619] perf: interrupt took too long (2501 > 2500), lowering kernel.perf_event_max_sample_rate to 79750
[ 2394.612921] perf: interrupt took too long (3133 > 3126), lowering kernel.perf_event_max_sample_rate to 63750
[ 3275.449449] perf: interrupt took too long (3929 > 3916), lowering kernel.perf_event_max_sample_rate to 50750
[65703.757144] usb 3-2.1.2: USB disconnect, device number 6
[65706.573131] usb 3-2.1.3: USB disconnect, device number 7
[159109.489334] usb 3-2.1.1: new high-speed USB device number 8 using xhci_hcd
[159109.825334] usb 3-2.1.1: device descriptor read/64, error -71
[159121.037454] usb 3-2.1.1: device descriptor read/64, error -71
[159121.249451] usb 3-2.1.1: new high-speed USB device number 9 using xhci_hcd
[159122.065467] usb 3-2.1.1: device descriptor read/64, error -71
[159122.298249] usb 3-2.1.1: New USB device found, idVendor=18d1, idProduct=4ee7
[159122.298252] usb 3-2.1.1: New USB device strings: Mfr=1, Product=2, SerialNumber=3
[159122.298254] usb 3-2.1.1: Product: AOSP on con_svma
[159122.298255] usb 3-2.1.1: Manufacturer: Nexell
[159122.298256] usb 3-2.1.1: SerialNumber: 0123456789abcdef
[159187.894191] usb 3-2.1.1: USB disconnect, device number 9
[159190.758179] usb 3-2.1.1: new high-speed USB device number 10 using xhci_hcd
[159190.883039] usb 3-2.1.1: New USB device found, idVendor=18d1, idProduct=0002
[159190.883042] usb 3-2.1.1: New USB device strings: Mfr=1, Product=2, SerialNumber=3
[159190.883043] usb 3-2.1.1: Product: USB download gadget
[159190.883044] usb 3-2.1.1: Manufacturer: Nexell Corporation
[159295.926394] usb 3-2.1.1: USB disconnect, device number 10
[159297.595339] usb 3-2.1.1: new high-speed USB device number 11 using xhci_hcd
[159297.931360] usb 3-2.1.1: device descriptor read/64, error -71
[159299.239344] usb 3-2.1.1: device descriptor read/64, error -71
[159299.683277] usb 3-2.1.1: new high-speed USB device number 12 using xhci_hcd
[159299.807852] usb 3-2.1.1: New USB device found, idVendor=18d1, idProduct=4ee7
[159299.807854] usb 3-2.1.1: New USB device strings: Mfr=1, Product=2, SerialNumber=3
[159299.807855] usb 3-2.1.1: Product: AOSP on con_svma auto
[159299.807857] usb 3-2.1.1: Manufacturer: Nexell
[159299.807858] usb 3-2.1.1: SerialNumber: 0123456789abcdef
[160233.911428] usb 3-2.1.1: USB disconnect, device number 12
[160235.865750] usb 3-2.1.1: new high-speed USB device number 13 using xhci_hcd
[160236.201772] usb 3-2.1.1: device descriptor read/64, error -71
[160237.477712] usb 3-2.1.1: device descriptor read/64, error -71
[160237.921750] usb 3-2.1.1: new high-speed USB device number 14 using xhci_hcd
[160238.046349] usb 3-2.1.1: New USB device found, idVendor=18d1, idProduct=4ee7
[160238.046351] usb 3-2.1.1: New USB device strings: Mfr=1, Product=2, SerialNumber=3
[160238.046353] usb 3-2.1.1: Product: AOSP on con_svma auto
[160238.046354] usb 3-2.1.1: Manufacturer: Nexell
[160238.046354] usb 3-2.1.1: SerialNumber: 0123456789abcdef
[160238.519367] usb 3-2.1.1: USB disconnect, device number 14
[160242.257782] usb 3-2.1.1: new high-speed USB device number 15 using xhci_hcd
[160242.382546] usb 3-2.1.1: New USB device found, idVendor=18d1, idProduct=0002
[160242.382548] usb 3-2.1.1: New USB device strings: Mfr=1, Product=2, SerialNumber=3
[160242.382550] usb 3-2.1.1: Product: USB download gadget
[160242.382551] usb 3-2.1.1: Manufacturer: Nexell Corporation
[160343.991498] usb 3-2.1.1: USB disconnect, device number 15
[160375.803334] usb 3-2.1.1: new high-speed USB device number 16 using xhci_hcd
[160375.928194] usb 3-2.1.1: New USB device found, idVendor=18d1, idProduct=0002
[160375.928198] usb 3-2.1.1: New USB device strings: Mfr=1, Product=2, SerialNumber=3
[160375.928200] usb 3-2.1.1: Product: USB download gadget
[160375.928201] usb 3-2.1.1: Manufacturer: Nexell Corporation
[160493.239635] usb 3-2.1.1: USB disconnect, device number 16
[688606.937569] e1000e: eno1 NIC Link is Down
[688610.971692] e1000e: eno1 NIC Link is Up 1000 Mbps Full Duplex, Flow Control: Rx/Tx
[690913.263787] e1000e: eno1 NIC Link is Down
[690923.345982] e1000e: eno1 NIC Link is Up 1000 Mbps Full Duplex, Flow Control: Rx/Tx
[782448.427516] perf: interrupt took too long (4937 > 4911), lowering kernel.perf_event_max_sample_rate to 40500
[834480.109812] kauditd_printk_skb: 11 callbacks suppressed
[834480.109813] audit: type=1400 audit(1594935062.926:23): apparmor="STATUS" operation="profile_replace" profile="unconfined" name="/usr/lib/snapd/snap-confine" pid=3820 comm="apparmor_parser"
[834480.149432] audit: type=1400 audit(1594935062.966:24): apparmor="STATUS" operation="profile_replace" profile="unconfined" name="/usr/lib/snapd/snap-confine//mount-namespace-capture-helper" pid=3820 comm="apparmor_parser"
[1304661.522174] usb 3-2.1.3: new high-speed USB device number 17 using xhci_hcd
[1304661.647230] usb 3-2.1.3: New USB device found, idVendor=04e8, idProduct=6860
[1304661.647232] usb 3-2.1.3: New USB device strings: Mfr=1, Product=2, SerialNumber=3
[1304661.647232] usb 3-2.1.3: Product: SAMSUNG_Android
[1304661.647233] usb 3-2.1.3: Manufacturer: SAMSUNG
[1304661.647234] usb 3-2.1.3: SerialNumber: 212d671c36037ece
[1304662.706563] cdc_acm 3-2.1.3:1.1: ttyACM0: USB ACM device
[1304662.706930] usbcore: registered new interface driver cdc_acm
[1304662.706931] cdc_acm: USB Abstract Control Model driver for USB modems and ISDN adapters
[1304671.417864] usb 3-2.1.3: USB disconnect, device number 17
[1304672.018241] usb 3-2.1.3: new high-speed USB device number 18 using xhci_hcd
[1304672.143249] usb 3-2.1.3: New USB device found, idVendor=04e8, idProduct=6860
[1304672.143251] usb 3-2.1.3: New USB device strings: Mfr=1, Product=2, SerialNumber=3
[1304672.143252] usb 3-2.1.3: Product: SAMSUNG_Android
[1304672.143253] usb 3-2.1.3: Manufacturer: SAMSUNG
[1304672.143254] usb 3-2.1.3: SerialNumber: 212d671c36037ece
[1304672.144524] cdc_acm 3-2.1.3:1.1: ttyACM0: USB ACM device
[1304855.738064] usb 3-2.1.3: USB disconnect, device number 18
[1305382.038819] usb 3-2.1.1: new high-speed USB device number 19 using xhci_hcd
[1305384.346855] usb 3-2.1.1: device descriptor read/64, error -71
[1305385.618865] usb 3-2.1.1: device descriptor read/64, error -71
[1305385.830860] usb 3-2.1.1: new high-speed USB device number 20 using xhci_hcd
[1305385.955460] usb 3-2.1.1: New USB device found, idVendor=18d1, idProduct=0001
[1305385.955462] usb 3-2.1.1: New USB device strings: Mfr=1, Product=2, SerialNumber=3
[1305385.955463] usb 3-2.1.1: Product: s5p4418-convergence-daudio
[1305385.955463] usb 3-2.1.1: Manufacturer: NEXELL
[1305385.955464] usb 3-2.1.1: SerialNumber: s5p4418-convergence-daudio
[1305415.610694] usb 3-2.1.1: USB disconnect, device number 20
[1305418.371115] usb 3-2.1.1: new high-speed USB device number 21 using xhci_hcd
[1305418.495570] usb 3-2.1.1: New USB device found, idVendor=18d1, idProduct=0002
[1305418.495573] usb 3-2.1.1: New USB device strings: Mfr=1, Product=2, SerialNumber=3
[1305418.495574] usb 3-2.1.1: Product: USB download gadget
[1305418.495575] usb 3-2.1.1: Manufacturer: Nexell Corporation
[1305491.386757] usb 3-2.1.1: USB disconnect, device number 21
[1305498.983788] usb 3-2.1.1: new high-speed USB device number 22 using xhci_hcd
[1305499.323791] usb 3-2.1.1: device descriptor read/64, error -71
[1305504.739841] usb 3-2.1.1: device descriptor read/64, error -71
[1305504.951830] usb 3-2.1.1: new high-speed USB device number 23 using xhci_hcd
[1305505.076405] usb 3-2.1.1: New USB device found, idVendor=18d1, idProduct=4ee7
[1305505.076409] usb 3-2.1.1: New USB device strings: Mfr=1, Product=2, SerialNumber=3
[1305505.076411] usb 3-2.1.1: Product: ADB Gadget
[1305505.076413] usb 3-2.1.1: Manufacturer: NEXELL
[1305505.076415] usb 3-2.1.1: SerialNumber: 0123456789ABCDEF
[1305537.466848] usb 3-2.1.1: USB disconnect, device number 23
[1305537.720107] usb 3-2.1.1: new high-speed USB device number 24 using xhci_hcd
[1305537.844731] usb 3-2.1.1: New USB device found, idVendor=18d1, idProduct=4ee7
[1305537.844733] usb 3-2.1.1: New USB device strings: Mfr=1, Product=2, SerialNumber=3
[1305537.844734] usb 3-2.1.1: Product: ADB Gadget
[1305537.844734] usb 3-2.1.1: Manufacturer: NEXELL
[1305537.844735] usb 3-2.1.1: SerialNumber: 0123456789ABCDEF
[1305607.610929] usb 3-2.1.1: USB disconnect, device number 24
[1305612.420760] usb 3-2.1.1: new high-speed USB device number 25 using xhci_hcd
[1305612.756757] usb 3-2.1.1: device descriptor read/64, error -71
[1305618.268812] usb 3-2.1.1: device descriptor read/64, error -71
[1305618.480802] usb 3-2.1.1: new high-speed USB device number 26 using xhci_hcd
[1305618.605415] usb 3-2.1.1: New USB device found, idVendor=18d1, idProduct=4ee7
[1305618.605417] usb 3-2.1.1: New USB device strings: Mfr=1, Product=2, SerialNumber=3
[1305618.605418] usb 3-2.1.1: Product: ADB Gadget
[1305618.605420] usb 3-2.1.1: Manufacturer: NEXELL
[1305618.605421] usb 3-2.1.1: SerialNumber: 0123456789ABCDEF
[1305637.562953] usb 3-2.1.1: USB disconnect, device number 26
[1305637.812949] usb 3-2.1.1: new high-speed USB device number 27 using xhci_hcd
[1305637.937717] usb 3-2.1.1: New USB device found, idVendor=18d1, idProduct=4ee7
[1305637.937718] usb 3-2.1.1: New USB device strings: Mfr=1, Product=2, SerialNumber=3
[1305637.937719] usb 3-2.1.1: Product: ADB Gadget
[1305637.937720] usb 3-2.1.1: Manufacturer: NEXELL
[1305637.937721] usb 3-2.1.1: SerialNumber: 0123456789ABCDEF
[1311762.113767] usb 3-2.1.1: USB disconnect, device number 27
[1311765.475053] usb 3-2.1.1: new high-speed USB device number 28 using xhci_hcd
[1311765.599745] usb 3-2.1.1: New USB device found, idVendor=18d1, idProduct=0002
[1311765.599747] usb 3-2.1.1: New USB device strings: Mfr=1, Product=2, SerialNumber=3
[1311765.599748] usb 3-2.1.1: Product: USB download gadget
[1311765.599750] usb 3-2.1.1: Manufacturer: Nexell Corporation
[1311839.425895] usb 3-2.1.1: USB disconnect, device number 28
[1311862.451894] usb 3-2.1: reset high-speed USB device number 3 using xhci_hcd
[1311862.791936] usb 3-2.1: USB disconnect, device number 3
[1311862.792239] usb 3-2.1-port1: attempt power cycle
[1311862.792240] usb 3-2.1-port1: failed to disable port power
[1311862.895710] usb 3-2.1: new high-speed USB device number 33 using xhci_hcd
[1311863.022078] usb 3-2.1: New USB device found, idVendor=05e3, idProduct=0610
[1311863.022080] usb 3-2.1: New USB device strings: Mfr=1, Product=2, SerialNumber=0
[1311863.022081] usb 3-2.1: Product: USB2.1 Hub
[1311863.022081] usb 3-2.1: Manufacturer: GenesysLogic
[1311863.022701] hub 3-2.1:1.0: USB hub found
[1311863.022956] hub 3-2.1:1.0: 4 ports detected
[1311863.335733] usb 3-2.1.1: new high-speed USB device number 34 using xhci_hcd
[1311863.459979] usb 3-2.1.1: New USB device found, idVendor=2375, idProduct=4330
[1311863.459980] usb 3-2.1.1: New USB device strings: Mfr=0, Product=0, SerialNumber=0
[1311870.657951] usb 3-2.1.1: USB disconnect, device number 34
[1311870.907791] usb 3-2.1.1: new high-speed USB device number 35 using xhci_hcd
[1311871.032058] usb 3-2.1.1: New USB device found, idVendor=2375, idProduct=4330
[1311871.032060] usb 3-2.1.1: New USB device strings: Mfr=0, Product=0, SerialNumber=0
[1311872.961962] usb 3-2.1.1: USB disconnect, device number 35
[1311873.211811] usb 3-2.1.1: new high-speed USB device number 36 using xhci_hcd
[1311873.336021] usb 3-2.1.1: New USB device found, idVendor=2375, idProduct=4330
[1311873.336023] usb 3-2.1.1: New USB device strings: Mfr=0, Product=0, SerialNumber=0
[1311874.497931] usb 3-2.1.1: USB disconnect, device number 36
[1311875.063828] usb 3-2.1.1: new high-speed USB device number 37 using xhci_hcd
[1311875.188306] usb 3-2.1.1: New USB device found, idVendor=2375, idProduct=4330
[1311875.188307] usb 3-2.1.1: New USB device strings: Mfr=1, Product=2, SerialNumber=3
[1311875.188308] usb 3-2.1.1: Product: USB download gadget
[1311875.188309] usb 3-2.1.1: Manufacturer: Nexell Corporation
[1311877.057941] usb 3-2.1.1: USB disconnect, device number 37
[1311878.739842] usb 3-2.1.1: new high-speed USB device number 38 using xhci_hcd
[1311878.864315] usb 3-2.1.1: New USB device found, idVendor=18d1, idProduct=0002
[1311878.864317] usb 3-2.1.1: New USB device strings: Mfr=1, Product=2, SerialNumber=3
[1311878.864318] usb 3-2.1.1: Product: USB download gadget
[1311878.864319] usb 3-2.1.1: Manufacturer: Nexell Corporation
[1311922.114042] usb 3-2.1.1: USB disconnect, device number 38
[1311922.368155] usb 3-2.1.1: new high-speed USB device number 39 using xhci_hcd
[1311922.492440] usb 3-2.1.1: New USB device found, idVendor=2375, idProduct=4330
[1311922.492442] usb 3-2.1.1: New USB device strings: Mfr=0, Product=0, SerialNumber=0
[1311932.609974] usb 3-2.1.1: USB disconnect, device number 39
[1311934.620255] usb 3-2.1.1: new high-speed USB device number 40 using xhci_hcd
[1311934.956266] usb 3-2.1.1: device descriptor read/64, error -71
[1311937.512308] usb 3-2.1.1: device descriptor read/64, error -71
[1311937.724265] usb 3-2.1.1: new high-speed USB device number 41 using xhci_hcd
[1311938.284311] usb 3-2.1.1: device descriptor read/64, error -71
[1311938.516926] usb 3-2.1.1: New USB device found, idVendor=18d1, idProduct=4ee7
[1311938.516928] usb 3-2.1.1: New USB device strings: Mfr=1, Product=2, SerialNumber=3
[1311938.516928] usb 3-2.1.1: Product: AOSP on con_svma auto
[1311938.516929] usb 3-2.1.1: Manufacturer: Nexell
[1311938.516930] usb 3-2.1.1: SerialNumber: 0123456789abcdef
[1316561.095183] usb 3-2.1.1: USB disconnect, device number 41
[1389480.748384] hub 4-2:1.0: hub_ext_port_status failed (err = -71)
[1389480.751900] hub 4-2:1.0: hub_ext_port_status failed (err = -71)
[1389480.755399] hub 4-2:1.0: hub_ext_port_status failed (err = -71)
[1389480.758900] hub 4-2:1.0: hub_ext_port_status failed (err = -71)
[1389480.937007] usb 4-2: USB disconnect, device number 2
[1389481.777110] usb 4-2.1: USB disconnect, device number 3
[1389482.049122] usb 4-2: new SuperSpeed USB device number 4 using xhci_hcd
[1389482.071752] usb 4-2: New USB device found, idVendor=05e3, idProduct=0620
[1389482.071754] usb 4-2: New USB device strings: Mfr=1, Product=2, SerialNumber=0
[1389482.071755] usb 4-2: Product: USB3.1 Hub
[1389482.071755] usb 4-2: Manufacturer: GenesysLogic
[1389482.073043] hub 4-2:1.0: USB hub found
[1389482.073326] hub 4-2:1.0: 4 ports detected
[1389482.361134] usb 4-2.1: new SuperSpeed USB device number 5 using xhci_hcd
[1389482.383687] usb 4-2.1: New USB device found, idVendor=05e3, idProduct=0620
[1389482.383689] usb 4-2.1: New USB device strings: Mfr=1, Product=2, SerialNumber=0
[1389482.383690] usb 4-2.1: Product: USB3.1 Hub
[1389482.383690] usb 4-2.1: Manufacturer: GenesysLogic
[1389482.386375] hub 4-2.1:1.0: USB hub found
[1389482.387339] hub 4-2.1:1.0: 4 ports detected
[1526720.259212] SGI XFS with ACLs, security attributes, realtime, no debug enabled
[1526720.335689] JFS: nTxBlock = 8192, nTxLock = 65536
[1526720.455621] ntfs: driver 2.1.32 [Flags: R/O MODULE].
[1526720.573992] QNX4 filesystem 0.2.3 registered.
[1526720.718023] raid6: sse2x1   gen() 11427 MB/s
[1526720.766022] raid6: sse2x1   xor()  8921 MB/s
[1526720.814029] raid6: sse2x2   gen() 14912 MB/s
[1526720.862028] raid6: sse2x2   xor()  9909 MB/s
[1526720.910024] raid6: sse2x4   gen() 16885 MB/s
[1526720.958028] raid6: sse2x4   xor() 11820 MB/s
[1526721.006027] raid6: avx2x1   gen() 22547 MB/s
[1526721.054024] raid6: avx2x1   xor() 17079 MB/s
[1526721.102010] raid6: avx2x2   gen() 26574 MB/s
[1526721.150028] raid6: avx2x2   xor() 18032 MB/s
[1526721.198028] raid6: avx2x4   gen() 29652 MB/s
[1526721.246010] raid6: avx2x4   xor() 20769 MB/s
[1526721.246011] raid6: using algorithm avx2x4 gen() 29652 MB/s
[1526721.246023] raid6: .... xor() 20769 MB/s, rmw enabled
[1526721.246024] raid6: using avx2x2 recovery algorithm
[1526721.269726] xor: automatically using best checksumming function   avx       
[1526721.329125] Btrfs loaded, crc32c=crc32c-intel
[1739905.413308] hub 4-2:1.0: hub_ext_port_status failed (err = -71)
[1739905.416807] hub 4-2:1.0: hub_ext_port_status failed (err = -71)
[1739905.420297] hub 4-2:1.0: hub_ext_port_status failed (err = -71)
[1739905.423807] hub 4-2:1.0: hub_ext_port_status failed (err = -71)
[1739905.601799] usb 4-2: USB disconnect, device number 4
[1739906.437850] usb 4-2.1: USB disconnect, device number 5
[1739906.709951] usb 4-2: new SuperSpeed USB device number 6 using xhci_hcd
[1739906.732454] usb 4-2: New USB device found, idVendor=05e3, idProduct=0620
[1739906.732457] usb 4-2: New USB device strings: Mfr=1, Product=2, SerialNumber=0
[1739906.732458] usb 4-2: Product: USB3.1 Hub
[1739906.732459] usb 4-2: Manufacturer: GenesysLogic
[1739906.733601] hub 4-2:1.0: USB hub found
[1739906.733884] hub 4-2:1.0: 4 ports detected
[1739907.021896] usb 4-2.1: new SuperSpeed USB device number 7 using xhci_hcd
[1739907.044563] usb 4-2.1: New USB device found, idVendor=05e3, idProduct=0620
[1739907.044564] usb 4-2.1: New USB device strings: Mfr=1, Product=2, SerialNumber=0
[1739907.044565] usb 4-2.1: Product: USB3.1 Hub
[1739907.044566] usb 4-2.1: Manufacturer: GenesysLogic
[1739907.047275] hub 4-2.1:1.0: USB hub found
[1739907.048227] hub 4-2.1:1.0: 4 ports detected
[2068728.294894] usb 3-2.1.1: new high-speed USB device number 42 using xhci_hcd
[2068728.423387] usb 3-2.1.1: New USB device found, idVendor=18d1, idProduct=0002
[2068728.423389] usb 3-2.1.1: New USB device strings: Mfr=1, Product=2, SerialNumber=3
[2068728.423390] usb 3-2.1.1: Product: USB download gadget
[2068728.423390] usb 3-2.1.1: Manufacturer: Nexell Corporation
[2068775.186333] usb 3-2.1.1: USB disconnect, device number 42
[2068899.240756] usb 3-2.1.1: new high-speed USB device number 44 using xhci_hcd
[2068899.365351] usb 3-2.1.1: New USB device found, idVendor=18d1, idProduct=4ee7
[2068899.365353] usb 3-2.1.1: New USB device strings: Mfr=1, Product=2, SerialNumber=3
[2068899.365354] usb 3-2.1.1: Product: AOSP on cav20
[2068899.365355] usb 3-2.1.1: Manufacturer: Motrex
[2068899.365355] usb 3-2.1.1: SerialNumber: 0123456789abcdef
[2069180.946762] usb 3-2.1.1: USB disconnect, device number 44
[2069554.159710] usb 3-2.1.1: new low-speed USB device number 46 using xhci_hcd
[2069554.290470] usb 3-2.1.1: New USB device found, idVendor=04b4, idProduct=ef0f
[2069554.290471] usb 3-2.1.1: New USB device strings: Mfr=1, Product=2, SerialNumber=0
[2069554.290472] usb 3-2.1.1: Product: HID Keyboard
[2069554.290473] usb 3-2.1.1: Manufacturer: HID Keyboard
[2069554.299504] input: HID Keyboard HID Keyboard as /devices/pci0000:00/0000:00:14.0/usb3/3-2/3-2.1/3-2.1.1/3-2.1.1:1.0/0003:04B4:EF0F.0009/input/input23
[2069554.356042] hid-generic 0003:04B4:EF0F.0009: input,hidraw0: USB HID v1.11 Keyboard [HID Keyboard HID Keyboard] on usb-0000:00:14.0-2.1.1/input0
[2069554.365319] input: HID Keyboard HID Keyboard as /devices/pci0000:00/0000:00:14.0/usb3/3-2/3-2.1/3-2.1.1/3-2.1.1:1.1/0003:04B4:EF0F.000A/input/input24
[2069554.423925] hid-generic 0003:04B4:EF0F.000A: input,hidraw1: USB HID v1.11 Keyboard [HID Keyboard HID Keyboard] on usb-0000:00:14.0-2.1.1/input1
[2069564.435192] usb 3-2.1.1: USB disconnect, device number 46
[2070002.823083] usb 3-2.1.1: new high-speed USB device number 47 using xhci_hcd
[2070002.947632] usb 3-2.1.1: New USB device found, idVendor=18d1, idProduct=4ee7
[2070002.947633] usb 3-2.1.1: New USB device strings: Mfr=1, Product=2, SerialNumber=3
[2070002.947634] usb 3-2.1.1: Product: AOSP on cav20
[2070002.947635] usb 3-2.1.1: Manufacturer: Motrex
[2070002.947636] usb 3-2.1.1: SerialNumber: 0123456789abcdef
[2071913.749843] usb 3-2.1.1: USB disconnect, device number 47
[2072415.129179] usb 3-2.1.1: new high-speed USB device number 49 using xhci_hcd
[2072415.253685] usb 3-2.1.1: New USB device found, idVendor=18d1, idProduct=0002
[2072415.253687] usb 3-2.1.1: New USB device strings: Mfr=1, Product=2, SerialNumber=3
[2072415.253688] usb 3-2.1.1: Product: USB download gadget
[2072415.253688] usb 3-2.1.1: Manufacturer: Nexell Corporation
[2072462.102452] usb 3-2.1.1: USB disconnect, device number 49
[2072672.742530] usb 3-2.1.1: new high-speed USB device number 51 using xhci_hcd
[2072672.867054] usb 3-2.1.1: New USB device found, idVendor=18d1, idProduct=4ee7
[2072672.867056] usb 3-2.1.1: New USB device strings: Mfr=1, Product=2, SerialNumber=3
[2072672.867057] usb 3-2.1.1: Product: AOSP on cav20
[2072672.867058] usb 3-2.1.1: Manufacturer: Motrex
[2072672.867058] usb 3-2.1.1: SerialNumber: 0123456789abcdef
[2073966.104141] usb 3-2.1.1: USB disconnect, device number 51
[2078421.664979] usb 3-2.1.1: new high-speed USB device number 52 using xhci_hcd
[2078421.789753] usb 3-2.1.1: New USB device found, idVendor=18d1, idProduct=0002
[2078421.789755] usb 3-2.1.1: New USB device strings: Mfr=1, Product=2, SerialNumber=3
[2078421.789756] usb 3-2.1.1: Product: USB download gadget
[2078421.789756] usb 3-2.1.1: Manufacturer: Nexell Corporation
[2080500.255466] usb 3-2.1.1: USB disconnect, device number 52
[2080672.550441] usb 3-2.1.1: new high-speed USB device number 53 using xhci_hcd
[2080672.886455] usb 3-2.1.1: device descriptor read/64, error -71
[2080683.034550] usb 3-2.1.1: device descriptor read/64, error -71
[2080683.246546] usb 3-2.1.1: new high-speed USB device number 54 using xhci_hcd
[2080683.842569] usb 3-2.1.1: device descriptor read/64, error -71
[2080684.075530] usb 3-2.1.1: New USB device found, idVendor=18d1, idProduct=4ee7
[2080684.075533] usb 3-2.1.1: New USB device strings: Mfr=1, Product=2, SerialNumber=3
[2080684.075534] usb 3-2.1.1: Product: AOSP on con_svma
[2080684.075535] usb 3-2.1.1: Manufacturer: Nexell
[2080684.075536] usb 3-2.1.1: SerialNumber: 0123456789abcdef
[2081189.664208] usb 3-2.1.1: USB disconnect, device number 54
[2081189.947728] usb 3-2.1.1: new high-speed USB device number 55 using xhci_hcd
[2081190.072339] usb 3-2.1.1: New USB device found, idVendor=18d1, idProduct=4ee7
[2081190.072341] usb 3-2.1.1: New USB device strings: Mfr=1, Product=2, SerialNumber=3
